Component: ARM Compiler 5.06 update 7 (build 960) Tool: armlink [4d3601]

==============================================================================

Section Cross References

    bsp.o(i.BSP_Accelerometer_Init) refers to bsp.o(i.adcinit) for adcinit
    bsp.o(i.BSP_Buzzer_Init) refers to bsp.o(.data) for ClockFrequency
    bsp.o(i.BSP_Buzzer_Set) refers to bsp.o(.data) for PWMCycles
    bsp.o(i.BSP_Clock_GetFreq) refers to bsp.o(.data) for ClockFrequency
    bsp.o(i.BSP_Clock_InitFastest) refers to bsp.o(.data) for ClockFrequency
    bsp.o(i.BSP_Delay1ms) refers to bsp.o(.emb_text) for parrotdelay
    bsp.o(i.BSP_Joystick_Init) refers to bsp.o(i.adcinit) for adcinit
    bsp.o(i.BSP_LCD_DrawBitmap) refers to bsp.o(i.setAddrWindow) for setAddrWindow
    bsp.o(i.BSP_LCD_DrawBitmap) refers to bsp.o(i.writedata) for writedata
    bsp.o(i.BSP_LCD_DrawBitmap) refers to bsp.o(.data) for _width
    bsp.o(i.BSP_LCD_DrawChar) refers to bsp.o(i.setAddrWindow) for setAddrWindow
    bsp.o(i.BSP_LCD_DrawChar) refers to bsp.o(i.pushColor) for pushColor
    bsp.o(i.BSP_LCD_DrawChar) refers to bsp.o(.data) for _width
    bsp.o(i.BSP_LCD_DrawChar) refers to bsp.o(.constdata) for Font
    bsp.o(i.BSP_LCD_DrawCharS) refers to bsp.o(i.BSP_LCD_DrawPixel) for BSP_LCD_DrawPixel
    bsp.o(i.BSP_LCD_DrawCharS) refers to bsp.o(i.BSP_LCD_FillRect) for BSP_LCD_FillRect
    bsp.o(i.BSP_LCD_DrawCharS) refers to bsp.o(.data) for _width
    bsp.o(i.BSP_LCD_DrawCharS) refers to bsp.o(.constdata) for Font
    bsp.o(i.BSP_LCD_DrawFastHLine) refers to bsp.o(i.setAddrWindow) for setAddrWindow
    bsp.o(i.BSP_LCD_DrawFastHLine) refers to bsp.o(i.writedata) for writedata
    bsp.o(i.BSP_LCD_DrawFastHLine) refers to bsp.o(.data) for _width
    bsp.o(i.BSP_LCD_DrawFastVLine) refers to bsp.o(i.setAddrWindow) for setAddrWindow
    bsp.o(i.BSP_LCD_DrawFastVLine) refers to bsp.o(i.writedata) for writedata
    bsp.o(i.BSP_LCD_DrawFastVLine) refers to bsp.o(.data) for _width
    bsp.o(i.BSP_LCD_DrawPixel) refers to bsp.o(i.setAddrWindow) for setAddrWindow
    bsp.o(i.BSP_LCD_DrawPixel) refers to bsp.o(i.pushColor) for pushColor
    bsp.o(i.BSP_LCD_DrawPixel) refers to bsp.o(.data) for _width
    bsp.o(i.BSP_LCD_DrawString) refers to bsp.o(i.BSP_LCD_DrawChar) for BSP_LCD_DrawChar
    bsp.o(i.BSP_LCD_Drawaxes) refers to bsp.o(i.BSP_LCD_FillRect) for BSP_LCD_FillRect
    bsp.o(i.BSP_LCD_Drawaxes) refers to bsp.o(i.BSP_LCD_DrawFastHLine) for BSP_LCD_DrawFastHLine
    bsp.o(i.BSP_LCD_Drawaxes) refers to bsp.o(i.BSP_LCD_DrawFastVLine) for BSP_LCD_DrawFastVLine
    bsp.o(i.BSP_LCD_Drawaxes) refers to bsp.o(i.BSP_LCD_DrawPixel) for BSP_LCD_DrawPixel
    bsp.o(i.BSP_LCD_Drawaxes) refers to bsp.o(i.BSP_LCD_DrawChar) for BSP_LCD_DrawChar
    bsp.o(i.BSP_LCD_Drawaxes) refers to bsp.o(.data) for Ymax
    bsp.o(i.BSP_LCD_FillRect) refers to bsp.o(i.setAddrWindow) for setAddrWindow
    bsp.o(i.BSP_LCD_FillRect) refers to bsp.o(i.writedata) for writedata
    bsp.o(i.BSP_LCD_FillRect) refers to bsp.o(.data) for _width
    bsp.o(i.BSP_LCD_FillScreen) refers to bsp.o(i.BSP_LCD_FillRect) for BSP_LCD_FillRect
    bsp.o(i.BSP_LCD_FillScreen) refers to bsp.o(.data) for _height
    bsp.o(i.BSP_LCD_Init) refers to bsp.o(i.ST7735_InitR) for ST7735_InitR
    bsp.o(i.BSP_LCD_OutUDec) refers to bsp.o(i.fillmessage) for fillmessage
    bsp.o(i.BSP_LCD_OutUDec) refers to bsp.o(i.BSP_LCD_DrawString) for BSP_LCD_DrawString
    bsp.o(i.BSP_LCD_OutUDec) refers to bsp.o(i.BSP_LCD_DrawChar) for BSP_LCD_DrawChar
    bsp.o(i.BSP_LCD_OutUDec) refers to bsp.o(.data) for StTextColor
    bsp.o(i.BSP_LCD_OutUDec) refers to bsp.o(.bss) for Message
    bsp.o(i.BSP_LCD_OutUDec4) refers to bsp.o(i.fillmessage4) for fillmessage4
    bsp.o(i.BSP_LCD_OutUDec4) refers to bsp.o(i.BSP_LCD_DrawString) for BSP_LCD_DrawString
    bsp.o(i.BSP_LCD_OutUDec4) refers to bsp.o(i.BSP_LCD_DrawChar) for BSP_LCD_DrawChar
    bsp.o(i.BSP_LCD_OutUDec4) refers to bsp.o(.data) for Messageindex
    bsp.o(i.BSP_LCD_OutUDec4) refers to bsp.o(.bss) for Message
    bsp.o(i.BSP_LCD_OutUDec5) refers to bsp.o(i.fillmessage5) for fillmessage5
    bsp.o(i.BSP_LCD_OutUDec5) refers to bsp.o(i.BSP_LCD_DrawString) for BSP_LCD_DrawString
    bsp.o(i.BSP_LCD_OutUDec5) refers to bsp.o(i.BSP_LCD_DrawChar) for BSP_LCD_DrawChar
    bsp.o(i.BSP_LCD_OutUDec5) refers to bsp.o(.data) for Messageindex
    bsp.o(i.BSP_LCD_OutUDec5) refers to bsp.o(.bss) for Message
    bsp.o(i.BSP_LCD_OutUFix2_1) refers to bsp.o(i.fillmessage2_1) for fillmessage2_1
    bsp.o(i.BSP_LCD_OutUFix2_1) refers to bsp.o(i.BSP_LCD_DrawString) for BSP_LCD_DrawString
    bsp.o(i.BSP_LCD_OutUFix2_1) refers to bsp.o(i.BSP_LCD_DrawChar) for BSP_LCD_DrawChar
    bsp.o(i.BSP_LCD_OutUFix2_1) refers to bsp.o(.data) for StY
    bsp.o(i.BSP_LCD_OutUFix2_1) refers to bsp.o(.bss) for Message
    bsp.o(i.BSP_LCD_OutUHex2) refers to bsp.o(i.fillmessage2_Hex) for fillmessage2_Hex
[...]
    defsig.o(CL$$defsig) refers to defsig_rtmem_inner.o(.text) for __rt_SIGRTMEM_inner
    defsig_abrt_inner.o(.text) refers to defsig_general.o(.text) for __default_signal_display
    defsig_fpe_inner.o(.text) refers to defsig_general.o(.text) for __default_signal_display
    defsig_rtred_inner.o(.text) refers to defsig_general.o(.text) for __default_signal_display
    defsig_stak_inner.o(.text) refers to defsig_general.o(.text) for __default_signal_display
    defsig_pvfn_inner.o(.text) refers to defsig_general.o(.text) for __default_signal_display
    defsig_cppl_inner.o(.text) refers to defsig_general.o(.text) for __default_signal_display
    defsig_segv_inner.o(.text) refers to defsig_general.o(.text) for __default_signal_display
    defsig_other.o(.text) refers to defsig_general.o(.text) for __default_signal_display


==============================================================================

Removing Unused input sections from the image.

    Removing bsp.o(i.BSP_Accelerometer_Init), (176 bytes).
    Removing bsp.o(i.BSP_Accelerometer_Input), (72 bytes).
    Removing bsp.o(i.BSP_Buzzer_Init), (212 bytes).
    Removing bsp.o(i.BSP_Buzzer_Set), (32 bytes).
    Removing bsp.o(i.BSP_LCD_Color565), (24 bytes).
    Removing bsp.o(i.BSP_LCD_DrawBitmap), (288 bytes).
    Removing bsp.o(i.BSP_LCD_DrawCharS), (248 bytes).
    Removing bsp.o(i.BSP_LCD_DrawFastHLine), (124 bytes).
    Removing bsp.o(i.BSP_LCD_DrawFastVLine), (124 bytes).
    Removing bsp.o(i.BSP_LCD_DrawPixel), (72 bytes).
    Removing bsp.o(i.BSP_LCD_Drawaxes), (292 bytes).
    Removing bsp.o(i.BSP_LCD_OutUDec), (144 bytes).
    Removing bsp.o(i.BSP_LCD_OutUDec5), (136 bytes).
    Removing bsp.o(i.BSP_LCD_OutUFix2_1), (112 bytes).
    Removing bsp.o(i.BSP_LCD_OutUHex2), (112 bytes).
    Removing bsp.o(i.BSP_LCD_PlotIncrement), (56 bytes).
    Removing bsp.o(i.BSP_LCD_PlotPoint), (100 bytes).
    Removing bsp.o(i.BSP_LCD_SwapColor), (18 bytes).
    Removing bsp.o(i.BSP_LightSensor_End), (68 bytes).
    Removing bsp.o(i.BSP_LightSensor_Init), (84 bytes).
    Removing bsp.o(i.BSP_LightSensor_Input), (52 bytes).
    Removing bsp.o(i.BSP_LightSensor_Start), (28 bytes).
    Removing bsp.o(i.BSP_Microphone_Init), (172 bytes).
    Removing bsp.o(i.BSP_Microphone_Input), (44 bytes).
    Removing bsp.o(i.BSP_PeriodicTask_InitB), (188 bytes).
    Removing bsp.o(i.BSP_PeriodicTask_InitC), (188 bytes).
    Removing bsp.o(i.BSP_PeriodicTask_Restart), (24 bytes).
    Removing bsp.o(i.BSP_PeriodicTask_Stop), (24 bytes).
    Removing bsp.o(i.BSP_PeriodicTask_StopB), (24 bytes).
    Removing bsp.o(i.BSP_PeriodicTask_StopC), (24 bytes).
    Removing bsp.o(i.BSP_RGB_D_Init), (344 bytes).
    Removing bsp.o(i.BSP_RGB_D_Set), (64 bytes).
    Removing bsp.o(i.BSP_RGB_D_Toggle), (60 bytes).
    Removing bsp.o(i.BSP_RGB_Init), (576 bytes).
    Removing bsp.o(i.BSP_RGB_Set), (80 bytes).
    Removing bsp.o(i.BSP_TempSensor_End), (76 bytes).
    Removing bsp.o(i.BSP_TempSensor_Init), (84 bytes).
    Removing bsp.o(i.BSP_TempSensor_Input), (60 bytes).
    Removing bsp.o(i.BSP_TempSensor_Start), (28 bytes).
    Removing bsp.o(i.BSP_Time_Init), (100 bytes).
    Removing bsp.o(i.I2C_Recv2), (120 bytes).
    Removing bsp.o(i.I2C_Send1), (72 bytes).
    Removing bsp.o(i.I2C_Send3), (176 bytes).
    Removing bsp.o(i.fillmessage2_1), (96 bytes).
    Removing bsp.o(i.fillmessage2_Hex), (84 bytes).
    Removing bsp.o(i.fillmessage5), (128 bytes).
    Removing bsp.o(i.i2cinit), (148 bytes).
    Removing bsp.o(i.lightsensorend), (80 bytes).
    Removing bsp.o(i.lightsensorstart), (36 bytes).
    Removing bsp.o(i.tempsensorend), (68 bytes).
    Removing bsp.o(i.tempsensorstart), (18 bytes).
    Removing os.o(i.OS_EdgeTrigger_Init), (244 bytes).
    Removing os.o(i.OS_EdgeTrigger_Restart), (28 bytes).
    Removing os.o(i.OS_FIFO_Get), (56 bytes).
    Removing os.o(i.OS_FIFO_Init), (44 bytes).
    Removing os.o(i.OS_FIFO_Put), (84 bytes).
    Removing os.o(.bss), (40 bytes).
    Removing profile.o(i.Profile_Get), (76 bytes).
    Removing profile.o(i.Profile_Init), (468 bytes).
    Removing mainfile.o(i.FileTest), (204 bytes).
    Removing mainfile.o(i.Task6), (44 bytes).
    Removing mainfile.o(i.main_PK), (140 bytes).
    Removing filesystem.o(i.OS_File_Append), (56 bytes).
    Removing filesystem.o(i.OS_File_Flush), (84 bytes).
    Removing filesystem.o(i.OS_File_New), (72 bytes).
    Removing filesystem.o(i.OS_File_Read), (80 bytes).
    Removing filesystem.o(i.OS_File_RewriteLastSector), (48 bytes).
    Removing filesystem.o(i.OS_File_Size), (60 bytes).
    Removing filesystem.o(i.appendfat), (48 bytes).
    Removing filesystem.o(i.findfreesector), (56 bytes).
    Removing filesystem.o(i.getFilenum), (56 bytes).
    Removing filesystem.o(i.lastsector), (52 bytes).
    Removing edisk.o(i.eDisk_Init), (12 bytes).
    Removing edisk.o(i.eDisk_WriteSector), (58 bytes).
    Removing flashprogram.o(i.Flash_FastWrite), (136 bytes).
    Removing flashprogram.o(i.Flash_Init), (2 bytes).
    Removing flashprogram.o(i.Flash_Write), (104 bytes).
    Removing flashprogram.o(i.Flash_WriteArray), (46 bytes).
    Removing flashprogram.o(i.MassWriteAddrValid), (22 bytes).
    Removing flashprogram.o(i.WriteAddrValid), (22 bytes).
    Removing threads.o(i.OS_AddPeriodicEventThread), (84 bytes).
    Removing our_stdio.o(i.fclose), (64 bytes).
    Removing our_stdio.o(i.fgetc), (108 bytes).
    Removing our_stdio.o(i.fopen), (200 bytes).
    Removing our_stdio.o(i.fputc), (120 bytes).
    Removing our_stdio.o(.bss), (512 bytes).
    Removing our_stdio.o(.data), (6 bytes).
    Removing texas.o(i.Encrypt), (104 bytes).
    Removing texas.o(i.Grader), (1196 bytes).
    Removing texas.o(i.LogicAnalyzer), (20 bytes).
    Removing texas.o(i.NonrealTimeResults), (160 bytes).
    Removing texas.o(i.PeriodicTask2_Init), (188 bytes).
    Removing texas.o(i.PeriodicTask2_Stop), (24 bytes).
    Removing texas.o(i.RealTimeResults), (184 bytes).
    Removing texas.o(i.RealTimeResultsNoJitter), (180 bytes).
    Removing texas.o(i.SetGrade), (204 bytes).
    Removing texas.o(i.Step1Test), (924 bytes).
    Removing texas.o(i.Step2Test), (924 bytes).
    Removing texas.o(i.Step3Test), (816 bytes).
    Removing texas.o(i.TExaS_Init), (440 bytes).
    Removing texas.o(i.TExaS_Stop), (8 bytes).
    Removing texas.o(i.TExaS_Task6), (64 bytes).
    Removing texas.o(i.UART_InChar), (28 bytes).
    Removing texas.o(i.UART_InCharNonBlocking), (28 bytes).
    Removing texas.o(i.UART_InString), (66 bytes).
    Removing texas.o(i.UART_InUDec), (76 bytes).
    Removing texas.o(i.UART_InUHex), (104 bytes).
    Removing texas.o(i.UART_Init), (164 bytes).
    Removing texas.o(i.UART_OutChar), (24 bytes).
    Removing texas.o(i.UART_OutCharNonBlock), (12 bytes).
    Removing texas.o(i.UART_OutString), (24 bytes).
    Removing texas.o(i.UART_OutUDec), (42 bytes).
    Removing texas.o(i.UART_OutUDec4), (68 bytes).
    Removing texas.o(i.UART_OutUDec5), (68 bytes).
    Removing texas.o(i.UART_OutUDec6), (68 bytes).
    Removing texas.o(i.UART_OutUDec7), (68 bytes).
    Removing texas.o(i.UART_OutUFix1), (46 bytes).
    Removing texas.o(i.UART_OutUHex), (52 bytes).
    Removing texas.o(i.fillmessage4b), (88 bytes).
    Removing texas.o(i.fillmessage5b), (128 bytes).
    Removing texas.o(i.fillmessage6b), (160 bytes).
    Removing texas.o(i.fillmessage7b), (196 bytes).
    Removing texas.o(i.fillmessageb), (72 bytes).
    Removing texas.o(.constdata), (72 bytes).
    Removing system_tm4c123.o(.rev16_text), (4 bytes).
    Removing system_tm4c123.o(.revsh_text), (4 bytes).
    Removing system_tm4c123.o(.rrx_text), (6 bytes).
    Removing system_tm4c123.o(i.SystemCoreClockUpdate), (196 bytes).
    Removing system_tm4c123.o(i.SystemInit), (136 bytes).
    Removing system_tm4c123.o(i.getOscClk), (248 bytes).
    Removing system_tm4c123.o(.data), (4 bytes).

131 unused section(s) (total 16984 bytes) removed from the image.

==============================================================================

Image Symbol Table

    Local Symbols

    Symbol Name                              Value     Ov Type        Size  Object(Section)

    RESET                                    0x00000000   Section      620  startup_tm4c123.o(RESET)
    ../clib/angel/boardlib.s                 0x00000000   Number         0  boardinit2.o ABSOLUTE
    ../clib/angel/boardlib.s                 0x00000000   Number         0  boardinit1.o ABSOLUTE
    ../clib/angel/boardlib.s                 0x00000000   Number         0  boardinit3.o ABSOLUTE
    ../clib/angel/boardlib.s                 0x00000000   Number         0  boardshut.o ABSOLUTE
    ../clib/angel/handlers.s                 0x00000000   Number         0  __scatter_zi.o ABSOLUTE
    ../clib/angel/handlers.s                 0x00000000   Number         0  __scatter_copy.o ABSOLUTE
    ../clib/angel/kernel.s                   0x00000000   Number         0  __rtentry2.o ABSOLUTE
    ../clib/angel/kernel.s                   0x00000000   Number         0  rtexit.o ABSOLUTE
    ../clib/angel/kernel.s                   0x00000000   Number         0  __rtentry4.o ABSOLUTE
    ../clib/angel/kernel.s                   0x00000000   Number         0  rtexit2.o ABSOLUTE
    ../clib/angel/kernel.s                   0x00000000   Number         0  __rtentry.o ABSOLUTE
    ../clib/angel/rt.s                       0x00000000   Number         0  rt_raise.o ABSOLUTE
    ../clib/angel/scatter.s                  0x00000000   Number         0  __scatter.o ABSOLUTE
    ../clib/angel/startup.s                  0x00000000   Number         0  __main.o ABSOLUTE
    ../clib/angel/sys.s                      0x00000000   Number         0  sys_stackheap_outer.o ABSOLUTE
    ../clib/angel/sys.s                      0x00000000   Number         0  use_no_semi.o ABSOLUTE
    ../clib/angel/sys.s                      0x00000000   Number         0  indicate_semi.o ABSOLUTE
    ../clib/angel/sys.s                      0x00000000   Number         0  libspace.o ABSOLUTE
    ../clib/angel/sysapp.c                   0x00000000   Number         0  sys_exit.o ABSOLUTE
    ../clib/angel/sysapp.c                   0x00000000   Number         0  sys_wrch.o ABSOLUTE
    ../clib/angel/sysapp.c                   0x00000000   Number         0  sys_command.o ABSOLUTE
    ../clib/armsys.c                         0x00000000   Number         0  argv_veneer.o ABSOLUTE
    ../clib/armsys.c                         0x00000000   Number         0  argv_veneer.o ABSOLUTE
    ../clib/armsys.c                         0x00000000   Number         0  _get_argv_nomalloc.o ABSOLUTE
    ../clib/armsys.c                         0x00000000   Number         0  no_argv.o ABSOLUTE
    ../clib/heapalloc.c                      0x00000000   Number         0  hrguard.o ABSOLUTE
    ../clib/heapaux.c                        0x00000000   Number         0  heapauxi.o ABSOLUTE
    ../clib/libinit.s                        0x00000000   Number         0  libshutdown2.o ABSOLUTE
    ../clib/libinit.s                        0x00000000   Number         0  libinit.o ABSOLUTE
    ../clib/libinit.s                        0x00000000   Number         0  libinit2.o ABSOLUTE
    ../clib/libinit.s                        0x00000000   Number         0  libshutdown.o ABSOLUTE
    ../clib/memcpset.s                       0x00000000   Number         0  rt_memcpy_w.o ABSOLUTE
    ../clib/signal.c                         0x00000000   Number         0  defsig_rtmem_formal.o ABSOLUTE
    ../clib/signal.c                         0x00000000   Number         0  defsig_fpe_inner.o ABSOLUTE
    ../clib/signal.c                         0x00000000   Number         0  defsig_segv_inner.o ABSOLUTE
    ../clib/signal.c                         0x00000000   Number         0  defsig_cppl_inner.o ABSOLUTE
    ../clib/signal.c                         0x00000000   Number         0  defsig_pvfn_inner.o ABSOLUTE
    ../clib/signal.c                         0x00000000   Number         0  defsig_stak_inner.o ABSOLUTE
    ../clib/signal.c                         0x00000000   Number         0  defsig_rtred_inner.o ABSOLUTE
    ../clib/signal.c                         0x00000000   Number         0  defsig_abrt_inner.o ABSOLUTE
    ../clib/signal.c                         0x00000000   Number         0  defsig_general.o ABSOLUTE
    ../clib/signal.c                         0x00000000   Number         0  __raise.o ABSOLUTE
    ../clib/signal.c                         0x00000000   Number         0  defsig_rtmem_inner.o ABSOLUTE
    ../clib/signal.c                         0x00000000   Number         0  defsig_exit.o ABSOLUTE
    ../clib/signal.c                         0x00000000   Number         0  defsig_other.o ABSOLUTE
    ../clib/signal.c                         0x00000000   Number         0  defsig_rtmem_outer.o ABSOLUTE
    ../clib/signal.s                         0x00000000   Number         0  defsig.o ABSOLUTE
    ../clib/stdlib.c                         0x00000000   Number         0  exit.o ABSOLUTE
    ../fplib/fpinit.s                        0x00000000   Number         0  fpinit.o ABSOLUTE
    ..\\inc\\BSP.c                           0x00000000   Number         0  bsp.o ABSOLUTE
    ..\inc\BSP.c                             0x00000000   Number         0  bsp.o ABSOLUTE
    ..\inc\Profile.c                         0x00000000   Number         0  profile.o ABSOLUTE
    Filesystem.c                             0x00000000   Number         0  filesystem.o ABSOLUTE
    FlashProgram.c                           0x00000000   Number         0  flashprogram.o ABSOLUTE
    MemManage.c                              0x00000000   Number         0  memmanage.o ABSOLUTE
    Queue.c                                  0x00000000   Number         0  queue.o ABSOLUTE
    RTE\Device\TM4C123GH6PM\startup_TM4C123.s 0x00000000   Number         0  startup_tm4c123.o ABSOLUTE
    RTE\Device\TM4C123GH6PM\system_TM4C123.c 0x00000000   Number         0  system_tm4c123.o ABSOLUTE
    RTE\\Device\\TM4C123GH6PM\\system_TM4C123.c 0x00000000   Number         0  system_tm4c123.o ABSOLUTE
    Scheduler.c                              0x00000000   Number         0  scheduler.o ABSOLUTE
    Semaphore.c                              0x00000000   Number         0  semaphore.o ABSOLUTE
    Texas.c                                  0x00000000   Number         0  texas.o ABSOLUTE
    Threads.c                                0x00000000   Number         0  threads.o ABSOLUTE
    dc.s                                     0x00000000   Number         0  dc.o ABSOLUTE
    eDisk.c                                  0x00000000   Number         0  edisk.o ABSOLUTE
    mainFile.c                               0x00000000   Number         0  mainfile.o ABSOLUTE
    os.c                                     0x00000000   Number         0  os.o ABSOLUTE
    osasm.s                                  0x00000000   Number         0  osasm.o ABSOLUTE
    our_stdio.c                              0x00000000   Number         0  our_stdio.o ABSOLUTE
    !!!main                                  0x0000026c   Section        8  __main.o(!!!main)
    !!!scatter                               0x00000274   Section       52  __scatter.o(!!!scatter)
    !!handler_copy                           0x000002a8   Section       26  __scatter_copy.o(!!handler_copy)
    !!handler_zi                             0x000002c4   Section       28  __scatter_zi.o(!!handler_zi)
    .ARM.Collect$$libinit$$00000000          0x000002e0   Section        2  libinit.o(.ARM.Collect$$libinit$$00000000)
    .ARM.Collect$$libinit$$00000002          0x000002e2   Section        0  libinit2.o(.ARM.Collect$$libinit$$00000002)
    .ARM.Collect$$libinit$$00000004          0x000002e2   Section        0  libinit2.o(.ARM.Collect$$libinit$$00000004)
    .ARM.Collect$$libinit$$0000000A          0x000002e2   Section        0  libinit2.o(.ARM.Collect$$libinit$$0000000A)
    .ARM.Collect$$libinit$$0000000C          0x000002e2   Section        0  libinit2.o(.ARM.Collect$$libinit$$0000000C)
    .ARM.Collect$$libinit$$0000000E          0x000002e2   Section        0  libinit2.o(.ARM.Collect$$libinit$$0000000E)
    .ARM.Collect$$libinit$$00000011          0x000002e2   Section        0  libinit2.o(.ARM.Collect$$libinit$$00000011)
    .ARM.Collect$$libinit$$00000013          0x000002e2   Section        0  libinit2.o(.ARM.Collect$$libinit$$00000013)
    .ARM.Collect$$libinit$$00000015          0x000002e2   Section        0  libinit2.o(.ARM.Collect$$libinit$$00000015)
    .ARM.Collect$$libinit$$00000017          0x000002e2   Section        0  libinit2.o(.ARM.Collect$$libinit$$00000017)
    .ARM.Collect$$libinit$$00000019          0x000002e2   Section        0  libinit2.o(.ARM.Collect$$libinit$$00000019)
    .ARM.Collect$$libinit$$0000001B          0x000002e2   Section        0  libinit2.o(.ARM.Collect$$libinit$$0000001B)
    .ARM.Collect$$libinit$$0000001D          0x000002e2   Section        0  libinit2.o(.ARM.Collect$$libinit$$0000001D)
    .ARM.Collect$$libinit$$0000001F          0x000002e2   Section        0  libinit2.o(.ARM.Collect$$libinit$$0000001F)
    .ARM.Collect$$libinit$$00000021          0x000002e2   Section        0  libinit2.o(.ARM.Collect$$libinit$$00000021)
    .ARM.Collect$$libinit$$00000023          0x000002e2   Section        0  libinit2.o(.ARM.Collect$$libinit$$00000023)
    .ARM.Collect$$libinit$$00000025          0x000002e2   Section        0  libinit2.o(.ARM.Collect$$libinit$$00000025)
    .ARM.Collect$$libinit$$0000002C          0x000002e2   Section        0  libinit2.o(.ARM.Collect$$libinit$$0000002C)
    .ARM.Collect$$libinit$$0000002E          0x000002e2   Section        0  libinit2.o(.ARM.Collect$$libinit$$0000002E)
    .ARM.Collect$$libinit$$00000030          0x000002e2   Section        0  libinit2.o(.ARM.Collect$$libinit$$00000030)
    .ARM.Collect$$libinit$$00000032          0x000002e2   Section        0  libinit2.o(.ARM.Collect$$libinit$$00000032)
    .ARM.Collect$$libinit$$00000033          0x000002e2   Section        2  libinit2.o(.ARM.Collect$$libinit$$00000033)
    .ARM.Collect$$libshutdown$$00000000      0x000002e4   Section        2  libshutdown.o(.ARM.Collect$$libshutdown$$00000000)
    .ARM.Collect$$libshutdown$$00000002      0x000002e6   Section        0  libshutdown2.o(.ARM.Collect$$libshutdown$$00000002)
    .ARM.Collect$$libshutdown$$00000004      0x000002e6   Section        0  libshutdown2.o(.ARM.Collect$$libshutdown$$00000004)
    .ARM.Collect$$libshutdown$$00000006      0x000002e6   Section        0  libshutdown2.o(.ARM.Collect$$libshutdown$$00000006)
    .ARM.Collect$$libshutdown$$00000009      0x000002e6   Section        0  libshutdown2.o(.ARM.Collect$$libshutdown$$00000009)
    .ARM.Collect$$libshutdown$$0000000C      0x000002e6   Section        0  libshutdown2.o(.ARM.Collect$$libshutdown$$0000000C)
    .ARM.Collect$$libshutdown$$0000000E      0x000002e6   Section        0  libshutdown2.o(.ARM.Collect$$libshutdown$$0000000E)
    .ARM.Collect$$libshutdown$$00000011      0x000002e6   Section        0  libshutdown2.o(.ARM.Collect$$libshutdown$$00000011)
    .ARM.Collect$$libshutdown$$00000012      0x000002e6   Section        2  libshutdown2.o(.ARM.Collect$$libshutdown$$00000012)
    .ARM.Collect$$rtentry$$00000000          0x000002e8   Section        0  __rtentry.o(.ARM.Collect$$rtentry$$00000000)
    .ARM.Collect$$rtentry$$00000002          0x000002e8   Section        0  __rtentry2.o(.ARM.Collect$$rtentry$$00000002)
    .ARM.Collect$$rtentry$$00000004          0x000002e8   Section        6  __rtentry4.o(.ARM.Collect$$rtentry$$00000004)
    .ARM.Collect$$rtentry$$00000009          0x000002ee   Section        0  __rtentry2.o(.ARM.Collect$$rtentry$$00000009)
    .ARM.Collect$$rtentry$$0000000A          0x000002ee   Section        4  __rtentry2.o(.ARM.Collect$$rtentry$$0000000A)
    .ARM.Collect$$rtentry$$0000000C          0x000002f2   Section        0  __rtentry2.o(.ARM.Collect$$rtentry$$0000000C)
    .ARM.Collect$$rtentry$$0000000D          0x000002f2   Section        8  __rtentry2.o(.ARM.Collect$$rtentry$$0000000D)
    .ARM.Collect$$rtexit$$00000000           0x000002fa   Section        2  rtexit.o(.ARM.Collect$$rtexit$$00000000)
    .ARM.Collect$$rtexit$$00000002           0x000002fc   Section        0  rtexit2.o(.ARM.Collect$$rtexit$$00000002)
    .ARM.Collect$$rtexit$$00000003           0x000002fc   Section        4  rtexit2.o(.ARM.Collect$$rtexit$$00000003)
    .ARM.Collect$$rtexit$$00000004           0x00000300   Section        6  rtexit2.o(.ARM.Collect$$rtexit$$00000004)
    .emb_text                                0x00000308   Section        6  bsp.o(.emb_text)
    .text                                    0x00000310   Section       76  osasm.o(.text)
    .text                                    0x0000035c   Section      292  startup_tm4c123.o(.text)
    .text                                    0x00000480   Section        0  heapauxi.o(.text)
    .text                                    0x00000486   Section       74  sys_stackheap_outer.o(.text)
    .text                                    0x000004d0   Section        0  exit.o(.text)
    .text                                    0x000004e4   Section        8  libspace.o(.text)
    .text                                    0x000004ec   Section        0  sys_exit.o(.text)
    .text                                    0x000004f8   Section        2  use_no_semi.o(.text)
    .text                                    0x000004fa   Section        0  indicate_semi.o(.text)
    i.BSP_Button1_Init                       0x000004fc   Section        0  bsp.o(i.BSP_Button1_Init)
    i.BSP_Button1_Input                      0x0000057c   Section        0  bsp.o(i.BSP_Button1_Input)
    i.BSP_Button2_Init                       0x00000588   Section        0  bsp.o(i.BSP_Button2_Init)
    i.BSP_Button2_Input                      0x00000618   Section        0  bsp.o(i.BSP_Button2_Input)
    i.BSP_Clock_GetFreq                      0x00000624   Section        0  bsp.o(i.BSP_Clock_GetFreq)
    i.BSP_Clock_InitFastest                  0x00000630   Section        0  bsp.o(i.BSP_Clock_InitFastest)
    i.BSP_Delay1ms                           0x000006bc   Section        0  bsp.o(i.BSP_Delay1ms)
    i.BSP_Joystick_Init                      0x000006d4   Section        0  bsp.o(i.BSP_Joystick_Init)
    i.BSP_Joystick_Input                     0x00000804   Section        0  bsp.o(i.BSP_Joystick_Input)
    i.BSP_LCD_DrawChar                       0x00000844   Section        0  bsp.o(i.BSP_LCD_DrawChar)
    i.BSP_LCD_DrawString                     0x00000954   Section        0  bsp.o(i.BSP_LCD_DrawString)
    i.BSP_LCD_FillRect                       0x000009ac   Section        0  bsp.o(i.BSP_LCD_FillRect)
    i.BSP_LCD_FillScreen                     0x00000a58   Section        0  bsp.o(i.BSP_LCD_FillScreen)
    i.BSP_LCD_Init                           0x00000a7c   Section        0  bsp.o(i.BSP_LCD_Init)
    i.BSP_LCD_OutUDec4                       0x00000a88   Section        0  bsp.o(i.BSP_LCD_OutUDec4)
    i.BSP_LCD_SetCursor                      0x00000b10   Section        0  bsp.o(i.BSP_LCD_SetCursor)
    i.BSP_PeriodicTask_Init                  0x00000b30   Section        0  bsp.o(i.BSP_PeriodicTask_Init)
    i.BSP_Time_Get                           0x00000bf0   Section        0  bsp.o(i.BSP_Time_Get)
    i.EraseAddrValid                         0x00000c00   Section        0  flashprogram.o(i.EraseAddrValid)
    EraseAddrValid                           0x00000c01   Thumb Code    22  flashprogram.o(i.EraseAddrValid)
    i.Flash_Erase                            0x00000c18   Section        0  flashprogram.o(i.Flash_Erase)
    i.GPIOPortD_Handler                      0x00000c7c   Section        0  os.o(i.GPIOPortD_Handler)
    i.OS_AddThreads                          0x00000ca8   Section        0  threads.o(i.OS_AddThreads)
    i.OS_File_Format                         0x00000d9c   Section        0  filesystem.o(i.OS_File_Format)
    i.OS_Init                                0x00000db0   Section        0  os.o(i.OS_Init)
    i.OS_InitSemaphore                       0x00000dc4   Section        0  semaphore.o(i.OS_InitSemaphore)
    i.OS_Launch                              0x00000dc8   Section        0  os.o(i.OS_Launch)
    i.OS_MountDirectory                      0x00000dfc   Section        0  filesystem.o(i.OS_MountDirectory)
    i.OS_Signal                              0x00000e54   Section        0  semaphore.o(i.OS_Signal)
    i.OS_Sleep                               0x00000ec8   Section        0  scheduler.o(i.OS_Sleep)
    i.OS_Suspend                             0x00000edc   Section        0  scheduler.o(i.OS_Suspend)
    i.OS_Wait                                0x00000efc   Section        0  semaphore.o(i.OS_Wait)
    i.OS_gate_entry                          0x00000f30   Section        0  os.o(i.OS_gate_entry)
    i.OS_gate_exit                           0x00001040   Section        0  os.o(i.OS_gate_exit)
    i.OS_gate_init                           0x00001144   Section        0  os.o(i.OS_gate_init)
    i.OS_queue_create                        0x00001152   Section        0  queue.o(i.OS_queue_create)
    i.OS_queue_peak                          0x0000116a   Section        0  queue.o(i.OS_queue_peak)
    i.OS_queue_pop                           0x00001194   Section        0  queue.o(i.OS_queue_pop)
    i.OS_queue_push                          0x000011d4   Section        0  queue.o(i.OS_queue_push)
    i.RunOnEdge                              0x0000120c   Section        0  mainfile.o(i.RunOnEdge)
    i.ST7735_InitR                           0x00001220   Section        0  bsp.o(i.ST7735_InitR)
    ST7735_InitR                             0x00001221   Thumb Code    86  bsp.o(i.ST7735_InitR)
    i.Scheduler                              0x00001294   Section        0  scheduler.o(i.Scheduler)
    i.SetInitialStack                        0x000012f8   Section        0  threads.o(i.SetInitialStack)
    i.TExaS_Task0                            0x00001448   Section        0  texas.o(i.TExaS_Task0)
    i.TExaS_Task1                            0x00001488   Section        0  texas.o(i.TExaS_Task1)
    i.TExaS_Task2                            0x000014c8   Section        0  texas.o(i.TExaS_Task2)
    i.TExaS_Task3                            0x00001508   Section        0  texas.o(i.TExaS_Task3)
    i.TExaS_Task4                            0x00001548   Section        0  texas.o(i.TExaS_Task4)
    i.TExaS_Task5                            0x00001588   Section        0  texas.o(i.TExaS_Task5)
    i.TIMER5A_Handler                        0x000015c8   Section        0  texas.o(i.TIMER5A_Handler)
    i.Task0                                  0x000015e0   Section        0  mainfile.o(i.Task0)
    i.Task1                                  0x0000161c   Section        0  mainfile.o(i.Task1)
    i.Task2                                  0x00001654   Section        0  mainfile.o(i.Task2)
    i.Task3                                  0x00001690   Section        0  mainfile.o(i.Task3)
    i.Task4                                  0x000016c8   Section        0  mainfile.o(i.Task4)
    i.Task5                                  0x000016f4   Section        0  mainfile.o(i.Task5)
    i.TaskA                                  0x00001728   Section        0  mainfile.o(i.TaskA)
    i.TaskB                                  0x00001794   Section        0  mainfile.o(i.TaskB)
    i.TaskC                                  0x00001844   Section        0  mainfile.o(i.TaskC)
    i.TaskD                                  0x00001870   Section        0  mainfile.o(i.TaskD)
    i.WideTimer3A_Handler                    0x00001878   Section        0  bsp.o(i.WideTimer3A_Handler)
    i.WideTimer4A_Handler                    0x00001890   Section        0  bsp.o(i.WideTimer4A_Handler)
    i.WideTimer5A_Handler                    0x000018a8   Section        0  bsp.o(i.WideTimer5A_Handler)
    i.adcinit                                0x000018c0   Section        0  bsp.o(i.adcinit)
    adcinit                                  0x000018c1   Thumb Code    58  bsp.o(i.adcinit)
    i.boostPriority                          0x0000190c   Section        0  scheduler.o(i.boostPriority)
    i.commandList                            0x000019c0   Section        0  bsp.o(i.commandList)
    commandList                              0x000019c1   Thumb Code    86  bsp.o(i.commandList)
    i.commonInit                             0x00001a18   Section        0  bsp.o(i.commonInit)
    commonInit                               0x00001a19   Thumb Code   452  bsp.o(i.commonInit)
    i.eDisk_Format                           0x00001c1c   Section        0  edisk.o(i.eDisk_Format)
    i.eDisk_ReadSector                       0x00001c44   Section        0  edisk.o(i.eDisk_ReadSector)
    i.fillmessage                            0x00001c74   Section        0  bsp.o(i.fillmessage)
    fillmessage                              0x00001c75   Thumb Code    64  bsp.o(i.fillmessage)
    i.fillmessage4                           0x00001cbc   Section        0  bsp.o(i.fillmessage4)
    fillmessage4                             0x00001cbd   Thumb Code    90  bsp.o(i.fillmessage4)
    i.free                                   0x00001d20   Section        0  memmanage.o(i.free)
    i.initialize                             0x00001d40   Section        0  memmanage.o(i.initialize)
    i.main                                   0x00001d60   Section        0  mainfile.o(i.main)
    i.main_Chris                             0x00001d6c   Section        0  mainfile.o(i.main_Chris)
    i.malloc                                 0x00001db0   Section        0  memmanage.o(i.malloc)
    i.pushColor                              0x00001e04   Section        0  bsp.o(i.pushColor)
    pushColor                                0x00001e05   Thumb Code    18  bsp.o(i.pushColor)
    i.runperiodicevents                      0x00001e18   Section        0  scheduler.o(i.runperiodicevents)
    runperiodicevents                        0x00001e19   Thumb Code   224  scheduler.o(i.runperiodicevents)
    i.schedulerInit                          0x00001f0c   Section        0  scheduler.o(i.schedulerInit)
    i.setAddrWindow                          0x00001f4c   Section        0  bsp.o(i.setAddrWindow)
    setAddrWindow                            0x00001f4d   Thumb Code   106  bsp.o(i.setAddrWindow)
    i.updatePriorityQueues                   0x00001fc0   Section        0  scheduler.o(i.updatePriorityQueues)
    i.writecommand                           0x000020b8   Section        0  bsp.o(i.writecommand)
    writecommand                             0x000020b9   Thumb Code    62  bsp.o(i.writecommand)
    i.writedata                              0x00002100   Section        0  bsp.o(i.writedata)
    writedata                                0x00002101   Thumb Code    64  bsp.o(i.writedata)
    .constdata                               0x00002148   Section     1403  bsp.o(.constdata)
    Font                                     0x00002148   Data        1275  bsp.o(.constdata)
    Rcmd1                                    0x00002643   Data          59  bsp.o(.constdata)
    Rcmd2green                               0x0000267e   Data          13  bsp.o(.constdata)
    Rcmd2red                                 0x0000268b   Data          13  bsp.o(.constdata)
    Rcmd3                                    0x00002698   Data          43  bsp.o(.constdata)
    .constdata                               0x000026c4   Section       44  mainfile.o(.constdata)
    .data                                    0x20000000   Section       68  bsp.o(.data)
    ClockFrequency                           0x20000000   Data           4  bsp.o(.data)
    PWMCycles                                0x20000004   Data           2  bsp.o(.data)
    ColStart                                 0x20000012   Data           1  bsp.o(.data)
    RowStart                                 0x20000013   Data           1  bsp.o(.data)
    _width                                   0x20000014   Data           2  bsp.o(.data)
    _height                                  0x20000016   Data           2  bsp.o(.data)
    .data                                    0x20000044   Section       20  os.o(.data)
    .data                                    0x20000058   Section       60  mainfile.o(.data)
    .data                                    0x20000094   Section        4  filesystem.o(.data)
    .data                                    0x20000098   Section        4  scheduler.o(.data)
    boostCount                               0x20000098   Data           4  scheduler.o(.data)
    .data                                    0x2000009c   Section       16  threads.o(.data)
    .data                                    0x200000ac   Section        4  memmanage.o(.data)
    .data                                    0x200000b0   Section       68  texas.o(.data)
    count                                    0x200000e4   Data           4  texas.o(.data)
    count                                    0x200000e8   Data           4  texas.o(.data)
    count                                    0x200000ec   Data           4  texas.o(.data)
    count                                    0x200000f0   Data           4  texas.o(.data)
    .bss                                     0x200000f4   Section       12  bsp.o(.bss)
    .bss                                     0x20000100   Section       24  mainfile.o(.bss)
    .bss                                     0x20000118   Section     1536  filesystem.o(.bss)
    .bss                                     0x20000718   Section     6548  threads.o(.bss)
    .bss                                     0x200020ac   Section     5000  memmanage.o(.bss)
    .bss                                     0x20003434   Section     1740  texas.o(.bss)
    .bss                                     0x20003b00   Section       96  libspace.o(.bss)
    HEAP                                     0x20003b60   Section        0  startup_tm4c123.o(HEAP)
    STACK                                    0x20003b60   Section      512  startup_tm4c123.o(STACK)
    Heap_Mem                                 0x20003b60   Data           0  startup_tm4c123.o(HEAP)
    Stack_Mem                                0x20003b60   Data         512  startup_tm4c123.o(STACK)
    __initial_sp                             0x20003d60   Data           0  startup_tm4c123.o(STACK)

    Global Symbols

    Symbol Name                              Value     Ov Type        Size  Object(Section)

    BuildAttributes$$THM_ISAv4$E$P$D$K$B$S$7EM$PE$A:L22UL41UL21$X:L11$S22US41US21$IEEE1$IW$USESV6$~STKCKD$USESV7$~SHL$OSPACE$ROPI$EBA8$UX$STANDARDLIB$REQ8$PRES8$EABIv2 0x00000000   Number         0  anon$$obj.o ABSOLUTE
    __ARM_use_no_argv                        0x00000000   Number         0  mainfile.o ABSOLUTE
    __Vectors                                0x00000000   Data           4  startup_tm4c123.o(RESET)
    __ARM_exceptions_init                     - Undefined Weak Reference
    __alloca_initialize                       - Undefined Weak Reference
    __arm_fini_                               - Undefined Weak Reference
    __arm_preinit_                            - Undefined Weak Reference
    __cpp_initialize__aeabi_                  - Undefined Weak Reference
    __cxa_finalize                            - Undefined Weak Reference
    __rt_locale                               - Undefined Weak Reference
    __sigvec_lookup                           - Undefined Weak Reference
    _atexit_init                              - Undefined Weak Reference
    _call_atexit_fns                          - Undefined Weak Reference
    _clock_init                               - Undefined Weak Reference
    _fp_trap_init                             - Undefined Weak Reference
    _fp_trap_shutdown                         - Undefined Weak Reference
    _get_lc_collate                           - Undefined Weak Reference
    _get_lc_ctype                             - Undefined Weak Reference
    _get_lc_monetary                          - Undefined Weak Reference
    _get_lc_numeric                           - Undefined Weak Reference
    _get_lc_time                              - Undefined Weak Reference
    _getenv_init                              - Undefined Weak Reference
    _handle_redirection                       - Undefined Weak Reference
    _init_alloc                               - Undefined Weak Reference
    _init_user_alloc                          - Undefined Weak Reference
    _initio                                   - Undefined Weak Reference
    _rand_init                                - Undefined Weak Reference
    _signal_finish                            - Undefined Weak Reference
    _signal_init                              - Undefined Weak Reference
    _terminate_alloc                          - Undefined Weak Reference
    _terminate_user_alloc                     - Undefined Weak Reference
    _terminateio                              - Undefined Weak Reference
    __Vectors_End                            0x0000026c   Data           0  startup_tm4c123.o(RESET)
    __Vectors_Size                           0x0000026c   Number         0  startup_tm4c123.o ABSOLUTE
    __main                                   0x0000026d   Thumb Code     8  __main.o(!!!main)
    __scatterload                            0x00000275   Thumb Code     0  __scatter.o(!!!scatter)
    __scatterload_rt2                        0x00000275   Thumb Code    44  __scatter.o(!!!scatter)
    __scatterload_rt2_thumb_only             0x00000275   Thumb Code     0  __scatter.o(!!!scatter)
    __scatterload_null                       0x00000283   Thumb Code     0  __scatter.o(!!!scatter)
    __scatterload_copy                       0x000002a9   Thumb Code    26  __scatter_copy.o(!!handler_copy)
    __scatterload_zeroinit                   0x000002c5   Thumb Code    28  __scatter_zi.o(!!handler_zi)
    __rt_lib_init                            0x000002e1   Thumb Code     0  libinit.o(.ARM.Collect$$libinit$$00000000)
    __rt_lib_init_alloca_1                   0x000002e3   Thumb Code     0  libinit2.o(.ARM.Collect$$libinit$$0000002E)
    __rt_lib_init_argv_1                     0x000002e3   Thumb Code     0  libinit2.o(.ARM.Collect$$libinit$$0000002C)
    __rt_lib_init_atexit_1                   0x000002e3   Thumb Code     0  libinit2.o(.ARM.Collect$$libinit$$0000001B)
    __rt_lib_init_clock_1                    0x000002e3   Thumb Code     0  libinit2.o(.ARM.Collect$$libinit$$00000021)
    __rt_lib_init_cpp_1                      0x000002e3   Thumb Code     0  libinit2.o(.ARM.Collect$$libinit$$00000032)
    __rt_lib_init_exceptions_1               0x000002e3   Thumb Code     0  libinit2.o(.ARM.Collect$$libinit$$00000030)
    __rt_lib_init_fp_1                       0x000002e3   Thumb Code     0  libinit2.o(.ARM.Collect$$libinit$$00000002)
    __rt_lib_init_fp_trap_1                  0x000002e3   Thumb Code     0  libinit2.o(.ARM.Collect$$libinit$$0000001F)
    __rt_lib_init_getenv_1                   0x000002e3   Thumb Code     0  libinit2.o(.ARM.Collect$$libinit$$00000023)
    __rt_lib_init_heap_1                     0x000002e3   Thumb Code     0  libinit2.o(.ARM.Collect$$libinit$$0000000A)
    __rt_lib_init_lc_collate_1               0x000002e3   Thumb Code     0  libinit2.o(.ARM.Collect$$libinit$$00000011)
    __rt_lib_init_lc_ctype_1                 0x000002e3   Thumb Code     0  libinit2.o(.ARM.Collect$$libinit$$00000013)
    __rt_lib_init_lc_monetary_1              0x000002e3   Thumb Code     0  libinit2.o(.ARM.Collect$$libinit$$00000015)
    __rt_lib_init_lc_numeric_1               0x000002e3   Thumb Code     0  libinit2.o(.ARM.Collect$$libinit$$00000017)
    __rt_lib_init_lc_time_1                  0x000002e3   Thumb Code     0  libinit2.o(.ARM.Collect$$libinit$$00000019)
    __rt_lib_init_preinit_1                  0x000002e3   Thumb Code     0  libinit2.o(.ARM.Collect$$libinit$$00000004)
    __rt_lib_init_rand_1                     0x000002e3   Thumb Code     0  libinit2.o(.ARM.Collect$$libinit$$0000000E)
    __rt_lib_init_return                     0x000002e3   Thumb Code     0  libinit2.o(.ARM.Collect$$libinit$$00000033)
    __rt_lib_init_signal_1                   0x000002e3   Thumb Code     0  libinit2.o(.ARM.Collect$$libinit$$0000001D)
    __rt_lib_init_stdio_1                    0x000002e3   Thumb Code     0  libinit2.o(.ARM.Collect$$libinit$$00000025)
    __rt_lib_init_user_alloc_1               0x000002e3   Thumb Code     0  libinit2.o(.ARM.Collect$$libinit$$0000000C)
    __rt_lib_shutdown                        0x000002e5   Thumb Code     0  libshutdown.o(.ARM.Collect$$libshutdown$$00000000)
    __rt_lib_shutdown_cpp_1                  0x000002e7   Thumb Code     0  libshutdown2.o(.ARM.Collect$$libshutdown$$00000004)
    __rt_lib_shutdown_fini_1                 0x000002e7   Thumb Code     0  libshutdown2.o(.ARM.Collect$$libshutdown$$00000002)
    __rt_lib_shutdown_fp_trap_1              0x000002e7   Thumb Code     0  libshutdown2.o(.ARM.Collect$$libshutdown$$00000009)
    __rt_lib_shutdown_heap_1                 0x000002e7   Thumb Code     0  libshutdown2.o(.ARM.Collect$$libshutdown$$00000011)
    __rt_lib_shutdown_return                 0x000002e7   Thumb Code     0  libshutdown2.o(.ARM.Collect$$libshutdown$$00000012)
    __rt_lib_shutdown_signal_1               0x000002e7   Thumb Code     0  libshutdown2.o(.ARM.Collect$$libshutdown$$0000000C)
    __rt_lib_shutdown_stdio_1                0x000002e7   Thumb Code     0  libshutdown2.o(.ARM.Collect$$libshutdown$$00000006)
    __rt_lib_shutdown_user_alloc_1           0x000002e7   Thumb Code     0  libshutdown2.o(.ARM.Collect$$libshutdown$$0000000E)
    __rt_entry                               0x000002e9   Thumb Code     0  __rtentry.o(.ARM.Collect$$rtentry$$00000000)
    __rt_entry_presh_1                       0x000002e9   Thumb Code     0  __rtentry2.o(.ARM.Collect$$rtentry$$00000002)
    __rt_entry_sh                            0x000002e9   Thumb Code     0  __rtentry4.o(.ARM.Collect$$rtentry$$00000004)
    __rt_entry_li                            0x000002ef   Thumb Code     0  __rtentry2.o(.ARM.Collect$$rtentry$$0000000A)
    __rt_entry_postsh_1                      0x000002ef   Thumb Code     0  __rtentry2.o(.ARM.Collect$$rtentry$$00000009)
    __rt_entry_main                          0x000002f3   Thumb Code     0  __rtentry2.o(.ARM.Collect$$rtentry$$0000000D)
    __rt_entry_postli_1                      0x000002f3   Thumb Code     0  __rtentry2.o(.ARM.Collect$$rtentry$$0000000C)
    __rt_exit                                0x000002fb   Thumb Code     0  rtexit.o(.ARM.Collect$$rtexit$$00000000)
    __rt_exit_ls                             0x000002fd   Thumb Code     0  rtexit2.o(.ARM.Collect$$rtexit$$00000003)
    __rt_exit_prels_1                        0x000002fd   Thumb Code     0  rtexit2.o(.ARM.Collect$$rtexit$$00000002)
    __rt_exit_exit                           0x00000301   Thumb Code     0  rtexit2.o(.ARM.Collect$$rtexit$$00000004)
    parrotdelay                              0x00000309   Thumb Code     6  bsp.o(.emb_text)
    SysTick_Handler                          0x00000311   Thumb Code     0  osasm.o(.text)
    StartOS                                  0x00000339   Thumb Code     0  osasm.o(.text)
    Reset_Handler                            0x0000035d   Thumb Code     4  startup_tm4c123.o(.text)
    NMI_Handler                              0x00000361   Thumb Code     2  startup_tm4c123.o(.text)
    HardFault_Handler                        0x00000363   Thumb Code     2  startup_tm4c123.o(.text)
    MemManage_Handler                        0x00000365   Thumb Code     2  startup_tm4c123.o(.text)
    BusFault_Handler                         0x00000367   Thumb Code     2  startup_tm4c123.o(.text)
    UsageFault_Handler                       0x00000369   Thumb Code     2  startup_tm4c123.o(.text)
    SVC_Handler                              0x0000036b   Thumb Code     2  startup_tm4c123.o(.text)
    DebugMon_Handler                         0x0000036d   Thumb Code     2  startup_tm4c123.o(.text)
    PendSV_Handler                           0x0000036f   Thumb Code     2  startup_tm4c123.o(.text)
    GPIOPortA_Handler                        0x00000373   Thumb Code     2  startup_tm4c123.o(.text)
    GPIOPortB_Handler                        0x00000375   Thumb Code     2  startup_tm4c123.o(.text)
    GPIOPortC_Handler                        0x00000377   Thumb Code     2  startup_tm4c123.o(.text)
    GPIOPortE_Handler                        0x0000037b   Thumb Code     2  startup_tm4c123.o(.text)
    UART0_Handler                            0x0000037d   Thumb Code     2  startup_tm4c123.o(.text)
    UART1_Handler                            0x0000037f   Thumb Code     2  startup_tm4c123.o(.text)
    SSI0_Handler                             0x00000381   Thumb Code     2  startup_tm4c123.o(.text)
    I2C0_Handler                             0x00000383   Thumb Code     2  startup_tm4c123.o(.text)
    PMW0_FAULT_Handler                       0x00000385   Thumb Code     2  startup_tm4c123.o(.text)
    PWM0Generator0_Handler                   0x00000387   Thumb Code     2  startup_tm4c123.o(.text)
    PWM0Generator1_Handler                   0x00000389   Thumb Code     2  startup_tm4c123.o(.text)
    PWM0Generator2_Handler                   0x0000038b   Thumb Code     2  startup_tm4c123.o(.text)
    Quadrature0_Handler                      0x0000038d   Thumb Code     2  startup_tm4c123.o(.text)
    ADC0Seq0_Handler                         0x0000038f   Thumb Code     2  startup_tm4c123.o(.text)
    ADC0Seq1_Handler                         0x00000391   Thumb Code     2  startup_tm4c123.o(.text)
    ADC0Seq2_Handler                         0x00000393   Thumb Code     2  startup_tm4c123.o(.text)
    ADC0Seq3_Handler                         0x00000395   Thumb Code     2  startup_tm4c123.o(.text)
    WDT_Handler                              0x00000397   Thumb Code     2  startup_tm4c123.o(.text)
    TIMER0A_Handler                          0x00000399   Thumb Code     2  startup_tm4c123.o(.text)
    TIMER0B_Handler                          0x0000039b   Thumb Code     2  startup_tm4c123.o(.text)
    TIMER1A_Handler                          0x0000039d   Thumb Code     2  startup_tm4c123.o(.text)
    TIMER1B_Handler                          0x0000039f   Thumb Code     2  startup_tm4c123.o(.text)
    TIMER2A_Handler                          0x000003a1   Thumb Code     2  startup_tm4c123.o(.text)
    TIMER2B_Handler                          0x000003a3   Thumb Code     2  startup_tm4c123.o(.text)
    COMP0_Handler                            0x000003a5   Thumb Code     2  startup_tm4c123.o(.text)
    COMP1_Handler                            0x000003a7   Thumb Code     2  startup_tm4c123.o(.text)
    COMP2_Handler                            0x000003a9   Thumb Code     2  startup_tm4c123.o(.text)
    SYSCTL_Handler                           0x000003ab   Thumb Code     2  startup_tm4c123.o(.text)
    FlashCtl_Handler                         0x000003ad   Thumb Code     2  startup_tm4c123.o(.text)
    GPIOPortF_Handler                        0x000003af   Thumb Code     2  startup_tm4c123.o(.text)
    GPIOPortG_Handler                        0x000003b1   Thumb Code     2  startup_tm4c123.o(.text)
    GPIOPortH_Handler                        0x000003b3   Thumb Code     2  startup_tm4c123.o(.text)
    UART2_Handler                            0x000003b5   Thumb Code     2  startup_tm4c123.o(.text)
    SSI1_Handler                             0x000003b7   Thumb Code     2  startup_tm4c123.o(.text)
    TIMER3A_Handler                          0x000003b9   Thumb Code     2  startup_tm4c123.o(.text)
    TIMER3B_Handler                          0x000003bb   Thumb Code     2  startup_tm4c123.o(.text)
    I2C1_Handler                             0x000003bd   Thumb Code     2  startup_tm4c123.o(.text)
    Quadrature1_Handler                      0x000003bf   Thumb Code     2  startup_tm4c123.o(.text)
    CAN0_Handler                             0x000003c1   Thumb Code     2  startup_tm4c123.o(.text)
    CAN1_Handler                             0x000003c3   Thumb Code     2  startup_tm4c123.o(.text)
    CAN2_Handler                             0x000003c5   Thumb Code     2  startup_tm4c123.o(.text)
    Hibernate_Handler                        0x000003c7   Thumb Code     2  startup_tm4c123.o(.text)
    USB0_Handler                             0x000003c9   Thumb Code     2  startup_tm4c123.o(.text)
    PWM0Generator3_Handler                   0x000003cb   Thumb Code     2  startup_tm4c123.o(.text)
    UDMA_Handler                             0x000003cd   Thumb Code     2  startup_tm4c123.o(.text)
    UDMAERR_Handler                          0x000003cf   Thumb Code     2  startup_tm4c123.o(.text)
    ADC1Seq0_Handler                         0x000003d1   Thumb Code     2  startup_tm4c123.o(.text)
    ADC1Seq1_Handler                         0x000003d3   Thumb Code     2  startup_tm4c123.o(.text)
    ADC1Seq2_Handler                         0x000003d5   Thumb Code     2  startup_tm4c123.o(.text)
    ADC1Seq3_Handler                         0x000003d7   Thumb Code     2  startup_tm4c123.o(.text)
    GPIOPortJ_Handler                        0x000003d9   Thumb Code     2  startup_tm4c123.o(.text)
    GPIOPortK_Handler                        0x000003db   Thumb Code     2  startup_tm4c123.o(.text)
    GPIOPortL_Handler                        0x000003dd   Thumb Code     2  startup_tm4c123.o(.text)
    SSI2_Handler                             0x000003df   Thumb Code     2  startup_tm4c123.o(.text)
    SSI3_Handler                             0x000003e1   Thumb Code     2  startup_tm4c123.o(.text)
    UART3_Handler                            0x000003e3   Thumb Code     2  startup_tm4c123.o(.text)
    UART4_Handler                            0x000003e5   Thumb Code     2  startup_tm4c123.o(.text)
    UART5_Handler                            0x000003e7   Thumb Code     2  startup_tm4c123.o(.text)
    UART6_Handler                            0x000003e9   Thumb Code     2  startup_tm4c123.o(.text)
    UART7_Handler                            0x000003eb   Thumb Code     2  startup_tm4c123.o(.text)
    I2C2_Handler                             0x000003ed   Thumb Code     2  startup_tm4c123.o(.text)
    I2C3_Handler                             0x000003ef   Thumb Code     2  startup_tm4c123.o(.text)
    TIMER4A_Handler                          0x000003f1   Thumb Code     2  startup_tm4c123.o(.text)
    TIMER4B_Handler                          0x000003f3   Thumb Code     2  startup_tm4c123.o(.text)
    TIMER5B_Handler                          0x000003f7   Thumb Code     2  startup_tm4c123.o(.text)
    WideTimer0A_Handler                      0x000003f9   Thumb Code     2  startup_tm4c123.o(.text)
    WideTimer0B_Handler                      0x000003fb   Thumb Code     2  startup_tm4c123.o(.text)
    WideTimer1A_Handler                      0x000003fd   Thumb Code     2  startup_tm4c123.o(.text)
    WideTimer1B_Handler                      0x000003ff   Thumb Code     2  startup_tm4c123.o(.text)
    WideTimer2A_Handler                      0x00000401   Thumb Code     2  startup_tm4c123.o(.text)
    WideTimer2B_Handler                      0x00000403   Thumb Code     2  startup_tm4c123.o(.text)
    WideTimer3B_Handler                      0x00000407   Thumb Code     2  startup_tm4c123.o(.text)
    WideTimer4B_Handler                      0x0000040b   Thumb Code     2  startup_tm4c123.o(.text)
    WideTimer5B_Handler                      0x0000040f   Thumb Code     2  startup_tm4c123.o(.text)
    FPU_Handler                              0x00000411   Thumb Code     2  startup_tm4c123.o(.text)
    I2C4_Handler                             0x00000413   Thumb Code     2  startup_tm4c123.o(.text)
    I2C5_Handler                             0x00000415   Thumb Code     2  startup_tm4c123.o(.text)
    GPIOPortM_Handler                        0x00000417   Thumb Code     2  startup_tm4c123.o(.text)
    GPIOPortN_Handler                        0x00000419   Thumb Code     2  startup_tm4c123.o(.text)
    QEI2_Handler                             0x0000041b   Thumb Code     2  startup_tm4c123.o(.text)
    GPIOPortP0_Handler                       0x0000041d   Thumb Code     2  startup_tm4c123.o(.text)
    GPIOPortP1_Handler                       0x0000041f   Thumb Code     2  startup_tm4c123.o(.text)
    GPIOPortP2_Handler                       0x00000421   Thumb Code     2  startup_tm4c123.o(.text)
    GPIOPortP3_Handler                       0x00000423   Thumb Code     2  startup_tm4c123.o(.text)
    GPIOPortP4_Handler                       0x00000425   Thumb Code     2  startup_tm4c123.o(.text)
    GPIOPortP5_Handler                       0x00000427   Thumb Code     2  startup_tm4c123.o(.text)
    GPIOPortP6_Handler                       0x00000429   Thumb Code     2  startup_tm4c123.o(.text)
    GPIOPortP7_Handler                       0x0000042b   Thumb Code     2  startup_tm4c123.o(.text)
    GPIOPortQ0_Handler                       0x0000042d   Thumb Code     2  startup_tm4c123.o(.text)
    GPIOPortQ1_Handler                       0x0000042f   Thumb Code     2  startup_tm4c123.o(.text)
    GPIOPortQ2_Handler                       0x00000431   Thumb Code     2  startup_tm4c123.o(.text)
    GPIOPortQ3_Handler                       0x00000433   Thumb Code     2  startup_tm4c123.o(.text)
    GPIOPortQ4_Handler                       0x00000435   Thumb Code     2  startup_tm4c123.o(.text)
    GPIOPortQ5_Handler                       0x00000437   Thumb Code     2  startup_tm4c123.o(.text)
    GPIOPortQ6_Handler                       0x00000439   Thumb Code     2  startup_tm4c123.o(.text)
    GPIOPortQ7_Handler                       0x0000043b   Thumb Code     2  startup_tm4c123.o(.text)
    GPIOPortR_Handler                        0x0000043d   Thumb Code     2  startup_tm4c123.o(.text)
    GPIOPortS_Handler                        0x0000043f   Thumb Code     2  startup_tm4c123.o(.text)
    PWM1Generator0_Handler                   0x00000441   Thumb Code     2  startup_tm4c123.o(.text)
    PWM1Generator1_Handler                   0x00000443   Thumb Code     2  startup_tm4c123.o(.text)
    PWM1Generator2_Handler                   0x00000445   Thumb Code     2  startup_tm4c123.o(.text)
    PWM1Generator3_Handler                   0x00000447   Thumb Code     2  startup_tm4c123.o(.text)
    PWM1Fault_Handler                        0x00000449   Thumb Code     2  startup_tm4c123.o(.text)
    DisableInterrupts                        0x00000451   Thumb Code     0  startup_tm4c123.o(.text)
    EnableInterrupts                         0x00000455   Thumb Code     0  startup_tm4c123.o(.text)
    StartCritical                            0x00000459   Thumb Code     0  startup_tm4c123.o(.text)
    EndCritical                              0x00000461   Thumb Code     0  startup_tm4c123.o(.text)
    WaitForInterrupt                         0x00000467   Thumb Code     0  startup_tm4c123.o(.text)
    __user_initial_stackheap                 0x0000046b   Thumb Code     0  startup_tm4c123.o(.text)
    __use_two_region_memory                  0x00000481   Thumb Code     2  heapauxi.o(.text)
    __rt_heap_escrow$2region                 0x00000483   Thumb Code     2  heapauxi.o(.text)
    __rt_heap_expand$2region                 0x00000485   Thumb Code     2  heapauxi.o(.text)
    __user_setup_stackheap                   0x00000487   Thumb Code    74  sys_stackheap_outer.o(.text)
    exit                                     0x000004d1   Thumb Code    18  exit.o(.text)
    __user_libspace                          0x000004e5   Thumb Code     8  libspace.o(.text)
    __user_perproc_libspace                  0x000004e5   Thumb Code     0  libspace.o(.text)
    __user_perthread_libspace                0x000004e5   Thumb Code     0  libspace.o(.text)
    _sys_exit                                0x000004ed   Thumb Code     8  sys_exit.o(.text)
    __I$use$semihosting                      0x000004f9   Thumb Code     0  use_no_semi.o(.text)
    __use_no_semihosting_swi                 0x000004f9   Thumb Code     2  use_no_semi.o(.text)
    __semihosting_library_function           0x000004fb   Thumb Code     0  indicate_semi.o(.text)
    BSP_Button1_Init                         0x000004fd   Thumb Code   112  bsp.o(i.BSP_Button1_Init)
    BSP_Button1_Input                        0x0000057d   Thumb Code     8  bsp.o(i.BSP_Button1_Input)
    BSP_Button2_Init                         0x00000589   Thumb Code   124  bsp.o(i.BSP_Button2_Init)
    BSP_Button2_Input                        0x00000619   Thumb Code     8  bsp.o(i.BSP_Button2_Input)
    BSP_Clock_GetFreq                        0x00000625   Thumb Code     6  bsp.o(i.BSP_Clock_GetFreq)
    BSP_Clock_InitFastest                    0x00000631   Thumb Code   126  bsp.o(i.BSP_Clock_InitFastest)
    BSP_Delay1ms                             0x000006bd   Thumb Code    22  bsp.o(i.BSP_Delay1ms)
    BSP_Joystick_Init                        0x000006d5   Thumb Code   268  bsp.o(i.BSP_Joystick_Init)
    BSP_Joystick_Input                       0x00000805   Thumb Code    56  bsp.o(i.BSP_Joystick_Input)
    BSP_LCD_DrawChar                         0x00000845   Thumb Code   260  bsp.o(i.BSP_LCD_DrawChar)
    BSP_LCD_DrawString                       0x00000955   Thumb Code    86  bsp.o(i.BSP_LCD_DrawString)
    BSP_LCD_FillRect                         0x000009ad   Thumb Code   164  bsp.o(i.BSP_LCD_FillRect)
    BSP_LCD_FillScreen                       0x00000a59   Thumb Code    28  bsp.o(i.BSP_LCD_FillScreen)
    BSP_LCD_Init                             0x00000a7d   Thumb Code    10  bsp.o(i.BSP_LCD_Init)
    BSP_LCD_OutUDec4                         0x00000a89   Thumb Code   116  bsp.o(i.BSP_LCD_OutUDec4)
    BSP_LCD_SetCursor                        0x00000b11   Thumb Code    22  bsp.o(i.BSP_LCD_SetCursor)
    BSP_PeriodicTask_Init                    0x00000b31   Thumb Code   162  bsp.o(i.BSP_PeriodicTask_Init)
    BSP_Time_Get                             0x00000bf1   Thumb Code    10  bsp.o(i.BSP_Time_Get)
    Flash_Erase                              0x00000c19   Thumb Code    84  flashprogram.o(i.Flash_Erase)
    GPIOPortD_Handler                        0x00000c7d   Thumb Code    34  os.o(i.GPIOPortD_Handler)
    OS_AddThreads                            0x00000ca9   Thumb Code   222  threads.o(i.OS_AddThreads)
    OS_File_Format                           0x00000d9d   Thumb Code    14  filesystem.o(i.OS_File_Format)
    OS_Init                                  0x00000db1   Thumb Code    20  os.o(i.OS_Init)
    OS_InitSemaphore                         0x00000dc5   Thumb Code     4  semaphore.o(i.OS_InitSemaphore)
    OS_Launch                                0x00000dc9   Thumb Code    48  os.o(i.OS_Launch)
    OS_MountDirectory                        0x00000dfd   Thumb Code    68  filesystem.o(i.OS_MountDirectory)
    OS_Signal                                0x00000e55   Thumb Code   104  semaphore.o(i.OS_Signal)
    OS_Sleep                                 0x00000ec9   Thumb Code    16  scheduler.o(i.OS_Sleep)
    OS_Suspend                               0x00000edd   Thumb Code    22  scheduler.o(i.OS_Suspend)
    OS_Wait                                  0x00000efd   Thumb Code    48  semaphore.o(i.OS_Wait)
    OS_gate_entry                            0x00000f31   Thumb Code   262  os.o(i.OS_gate_entry)
    OS_gate_exit                             0x00001041   Thumb Code   250  os.o(i.OS_gate_exit)
    OS_gate_init                             0x00001145   Thumb Code    14  os.o(i.OS_gate_init)
    OS_queue_create                          0x00001153   Thumb Code    24  queue.o(i.OS_queue_create)
    OS_queue_peak                            0x0000116b   Thumb Code    42  queue.o(i.OS_queue_peak)
    OS_queue_pop                             0x00001195   Thumb Code    64  queue.o(i.OS_queue_pop)
    OS_queue_push                            0x000011d5   Thumb Code    56  queue.o(i.OS_queue_push)
    RunOnEdge                                0x0000120d   Thumb Code    14  mainfile.o(i.RunOnEdge)
    Scheduler                                0x00001295   Thumb Code    86  scheduler.o(i.Scheduler)
    SetInitialStack                          0x000012f9   Thumb Code   328  threads.o(i.SetInitialStack)
    TExaS_Task0                              0x00001449   Thumb Code    50  texas.o(i.TExaS_Task0)
    TExaS_Task1                              0x00001489   Thumb Code    50  texas.o(i.TExaS_Task1)
    TExaS_Task2                              0x000014c9   Thumb Code    50  texas.o(i.TExaS_Task2)
    TExaS_Task3                              0x00001509   Thumb Code    50  texas.o(i.TExaS_Task3)
    TExaS_Task4                              0x00001549   Thumb Code    50  texas.o(i.TExaS_Task4)
    TExaS_Task5                              0x00001589   Thumb Code    50  texas.o(i.TExaS_Task5)
    TIMER5A_Handler                          0x000015c9   Thumb Code    16  texas.o(i.TIMER5A_Handler)
    Task0                                    0x000015e1   Thumb Code    48  mainfile.o(i.Task0)
    Task1                                    0x0000161d   Thumb Code    42  mainfile.o(i.Task1)
    Task2                                    0x00001655   Thumb Code    48  mainfile.o(i.Task2)
    Task3                                    0x00001691   Thumb Code    42  mainfile.o(i.Task3)
    Task4                                    0x000016c9   Thumb Code    36  mainfile.o(i.Task4)
    Task5                                    0x000016f5   Thumb Code    44  mainfile.o(i.Task5)
    TaskA                                    0x00001729   Thumb Code    88  mainfile.o(i.TaskA)
    TaskB                                    0x00001795   Thumb Code   156  mainfile.o(i.TaskB)
    TaskC                                    0x00001845   Thumb Code    36  mainfile.o(i.TaskC)
    TaskD                                    0x00001871   Thumb Code     8  mainfile.o(i.TaskD)
    WideTimer3A_Handler                      0x00001879   Thumb Code    16  bsp.o(i.WideTimer3A_Handler)
    WideTimer4A_Handler                      0x00001891   Thumb Code    16  bsp.o(i.WideTimer4A_Handler)
    WideTimer5A_Handler                      0x000018a9   Thumb Code    16  bsp.o(i.WideTimer5A_Handler)
    boostPriority                            0x0000190d   Thumb Code   162  scheduler.o(i.boostPriority)
    eDisk_Format                             0x00001c1d   Thumb Code    34  edisk.o(i.eDisk_Format)
    eDisk_ReadSector                         0x00001c45   Thumb Code    46  edisk.o(i.eDisk_ReadSector)
    free                                     0x00001d21   Thumb Code    24  memmanage.o(i.free)
    initialize                               0x00001d41   Thumb Code    28  memmanage.o(i.initialize)
    main                                     0x00001d61   Thumb Code    10  mainfile.o(i.main)
    main_Chris                               0x00001d6d   Thumb Code    58  mainfile.o(i.main_Chris)
    malloc                                   0x00001db1   Thumb Code    78  memmanage.o(i.malloc)
    schedulerInit                            0x00001f0d   Thumb Code    46  scheduler.o(i.schedulerInit)
    updatePriorityQueues                     0x00001fc1   Thumb Code   234  scheduler.o(i.updatePriorityQueues)
    Region$$Table$$Base                      0x000026f0   Number         0  anon$$obj.o(Region$$Table)
    Region$$Table$$Limit                     0x00002710   Number         0  anon$$obj.o(Region$$Table)
    StX                                      0x20000008   Data           4  bsp.o(.data)
    StY                                      0x2000000c   Data           4  bsp.o(.data)
    StTextColor                              0x20000010   Data           2  bsp.o(.data)
    Messageindex                             0x20000018   Data           4  bsp.o(.data)
    TimeIndex                                0x2000001c   Data           4  bsp.o(.data)
    Ymax                                     0x20000020   Data           4  bsp.o(.data)
    Ymin                                     0x20000024   Data           4  bsp.o(.data)
    Yrange                                   0x20000028   Data           4  bsp.o(.data)
    PlotBGColor                              0x2000002c   Data           2  bsp.o(.data)
    PeriodicTask                             0x20000030   Data           4  bsp.o(.data)
    PeriodicTaskB                            0x20000034   Data           4  bsp.o(.data)
    PeriodicTaskC                            0x20000038   Data           4  bsp.o(.data)
    LightBusy                                0x2000003c   Data           4  bsp.o(.data)
    TempBusy                                 0x20000040   Data           4  bsp.o(.data)
    PutI                                     0x20000044   Data           4  os.o(.data)
    GetI                                     0x20000048   Data           4  os.o(.data)
    CurrentSize                              0x2000004c   Data           4  os.o(.data)
    LostData                                 0x20000050   Data           4  os.o(.data)
    edgeSemaphore                            0x20000054   Data           4  os.o(.data)
    sAB                                      0x20000058   Data           4  mainfile.o(.data)
    sCD                                      0x2000005c   Data           4  mainfile.o(.data)
    edgeSema                                 0x20000060   Data           4  mainfile.o(.data)
    CountA                                   0x20000064   Data           4  mainfile.o(.data)
    CountB                                   0x20000068   Data           4  mainfile.o(.data)
    CountC                                   0x2000006c   Data           4  mainfile.o(.data)
    CountD                                   0x20000070   Data           4  mainfile.o(.data)
    CountE                                   0x20000074   Data           4  mainfile.o(.data)
    CountF                                   0x20000078   Data           4  mainfile.o(.data)
    CountG                                   0x2000007c   Data           4  mainfile.o(.data)
    CountH                                   0x20000080   Data           4  mainfile.o(.data)
    Q                                        0x20000084   Data           4  mainfile.o(.data)
    x                                        0x20000088   Data           2  mainfile.o(.data)
    y                                        0x2000008a   Data           2  mainfile.o(.data)
    b                                        0x2000008c   Data           1  mainfile.o(.data)
    blankSignal                              0x20000090   Data           4  mainfile.o(.data)
    bDirectoryLoaded                         0x20000094   Data           4  filesystem.o(.data)
    RunPt                                    0x2000009c   Data           4  threads.o(.data)
    usedFullTimeslice                        0x200000a0   Data           4  threads.o(.data)
    numberOfThreads                          0x200000a4   Data           4  threads.o(.data)
    numberOfPeriodic                         0x200000a8   Data           4  threads.o(.data)
    memlistf                                 0x200000ac   Data           4  memmanage.o(.data)
    LogicData                                0x200000b0   Data           1  texas.o(.data)
    Id                                       0x200000b4   Data           4  texas.o(.data)
    Index0                                   0x200000b8   Data           4  texas.o(.data)
    Index1                                   0x200000bc   Data           4  texas.o(.data)
    Index2                                   0x200000c0   Data           4  texas.o(.data)
    Index3                                   0x200000c4   Data           4  texas.o(.data)
    Index4                                   0x200000c8   Data           4  texas.o(.data)
    Index5                                   0x200000cc   Data           4  texas.o(.data)
    Index6                                   0x200000d0   Data           4  texas.o(.data)
    PeriodicTask2                            0x200000d4   Data           4  texas.o(.data)
    Messageindexb                            0x200000d8   Data           4  texas.o(.data)
    Messageb                                 0x200000dc   Data           8  texas.o(.data)
    Message                                  0x200000f4   Data          12  bsp.o(.bss)
    QGate                                    0x20000100   Data          12  mainfile.o(.bss)
    LCDGate                                  0x2000010c   Data          12  mainfile.o(.bss)
    Buff                                     0x20000118   Data         512  filesystem.o(.bss)
    Directory                                0x20000318   Data         256  filesystem.o(.bss)
    FAT                                      0x20000418   Data         256  filesystem.o(.bss)
    Filenames                                0x20000518   Data         512  filesystem.o(.bss)
    PriorityQueues                           0x20000718   Data          68  threads.o(.bss)
    tcbs                                     0x2000075c   Data         420  threads.o(.bss)
    Stacks                                   0x20000900   Data        6000  threads.o(.bss)
    tcbsPeriodic                             0x20002070   Data          60  threads.o(.bss)
    mem                                      0x200020ac   Data        5000  memmanage.o(.bss)
    MagicCode                                0x20003434   Data          10  texas.o(.bss)
    EncriptedMagicCode                       0x2000343e   Data          10  texas.o(.bss)
    TimeBuffer0                              0x20003448   Data         400  texas.o(.bss)
    TimeBuffer1                              0x200035d8   Data         400  texas.o(.bss)
    TimeBuffer2                              0x20003768   Data         400  texas.o(.bss)
    TimeBuffer3                              0x200038f8   Data         400  texas.o(.bss)
    TimeBuffer4                              0x20003a88   Data          40  texas.o(.bss)
    TimeBuffer5                              0x20003ab0   Data          40  texas.o(.bss)
    TimeBuffer6                              0x20003ad8   Data          40  texas.o(.bss)
    __libspace_start                         0x20003b00   Data          96  libspace.o(.bss)
    __temporary_stack_top$libspace           0x20003b60   Data           0  libspace.o(.bss)



==============================================================================

Memory Map of the image

  Image Entry point : 0x0000035d

  Load Region LR_1 (Base: 0x00000000, Size: 0x00002804, Max: 0xffffffff, ABSOLUTE)

    Execution Region ER_RO (Exec base: 0x00000000, Load base: 0x00000000, Size: 0x00002710, Max: 0xffffffff, ABSOLUTE)

    Exec Addr    Load Addr    Size         Type   Attr      Idx    E Section Name        Object

    0x00000000   0x00000000   0x0000026c   Data   RO         1397    RESET               startup_tm4c123.o
    0x0000026c   0x0000026c   0x00000008   Code   RO         1471  * !!!main             c_w.l(__main.o)
    0x00000274   0x00000274   0x00000034   Code   RO         1630    !!!scatter          c_w.l(__scatter.o)
    0x000002a8   0x000002a8   0x0000001a   Code   RO         1632    !!handler_copy      c_w.l(__scatter_copy.o)
    0x000002c2   0x000002c2   0x00000002   PAD
    0x000002c4   0x000002c4   0x0000001c   Code   RO         1634    !!handler_zi        c_w.l(__scatter_zi.o)
    0x000002e0   0x000002e0   0x00000002   Code   RO         1498    .ARM.Collect$$libinit$$00000000  c_w.l(libinit.o)
    0x000002e2   0x000002e2   0x00000000   Code   RO         1505    .ARM.Collect$$libinit$$00000002  c_w.l(libinit2.o)
    0x000002e2   0x000002e2   0x00000000   Code   RO         1507    .ARM.Collect$$libinit$$00000004  c_w.l(libinit2.o)
    0x000002e2   0x000002e2   0x00000000   Code   RO         1510    .ARM.Collect$$libinit$$0000000A  c_w.l(libinit2.o)
    0x000002e2   0x000002e2   0x00000000   Code   RO         1512    .ARM.Collect$$libinit$$0000000C  c_w.l(libinit2.o)
    0x000002e2   0x000002e2   0x00000000   Code   RO         1514    .ARM.Collect$$libinit$$0000000E  c_w.l(libinit2.o)
    0x000002e2   0x000002e2   0x00000000   Code   RO         1517    .ARM.Collect$$libinit$$00000011  c_w.l(libinit2.o)
    0x000002e2   0x000002e2   0x00000000   Code   RO         1519    .ARM.Collect$$libinit$$00000013  c_w.l(libinit2.o)
    0x000002e2   0x000002e2   0x00000000   Code   RO         1521    .ARM.Collect$$libinit$$00000015  c_w.l(libinit2.o)
    0x000002e2   0x000002e2   0x00000000   Code   RO         1523    .ARM.Collect$$libinit$$00000017  c_w.l(libinit2.o)
    0x000002e2   0x000002e2   0x00000000   Code   RO         1525    .ARM.Collect$$libinit$$00000019  c_w.l(libinit2.o)
    0x000002e2   0x000002e2   0x00000000   Code   RO         1527    .ARM.Collect$$libinit$$0000001B  c_w.l(libinit2.o)
    0x000002e2   0x000002e2   0x00000000   Code   RO         1529    .ARM.Collect$$libinit$$0000001D  c_w.l(libinit2.o)
    0x000002e2   0x000002e2   0x00000000   Code   RO         1531    .ARM.Collect$$libinit$$0000001F  c_w.l(libinit2.o)
    0x000002e2   0x000002e2   0x00000000   Code   RO         1533    .ARM.Collect$$libinit$$00000021  c_w.l(libinit2.o)
    0x000002e2   0x000002e2   0x00000000   Code   RO         1535    .ARM.Collect$$libinit$$00000023  c_w.l(libinit2.o)
    0x000002e2   0x000002e2   0x00000000   Code   RO         1537    .ARM.Collect$$libinit$$00000025  c_w.l(libinit2.o)
    0x000002e2   0x000002e2   0x00000000   Code   RO         1541    .ARM.Collect$$libinit$$0000002C  c_w.l(libinit2.o)
    0x000002e2   0x000002e2   0x00000000   Code   RO         1543    .ARM.Collect$$libinit$$0000002E  c_w.l(libinit2.o)
    0x000002e2   0x000002e2   0x00000000   Code   RO         1545    .ARM.Collect$$libinit$$00000030  c_w.l(libinit2.o)
    0x000002e2   0x000002e2   0x00000000   Code   RO         1547    .ARM.Collect$$libinit$$00000032  c_w.l(libinit2.o)
    0x000002e2   0x000002e2   0x00000002   Code   RO         1548    .ARM.Collect$$libinit$$00000033  c_w.l(libinit2.o)
    0x000002e4   0x000002e4   0x00000002   Code   RO         1568    .ARM.Collect$$libshutdown$$00000000  c_w.l(libshutdown.o)
    0x000002e6   0x000002e6   0x00000000   Code   RO         1581    .ARM.Collect$$libshutdown$$00000002  c_w.l(libshutdown2.o)
    0x000002e6   0x000002e6   0x00000000   Code   RO         1583    .ARM.Collect$$libshutdown$$00000004  c_w.l(libshutdown2.o)
    0x000002e6   0x000002e6   0x00000000   Code   RO         1585    .ARM.Collect$$libshutdown$$00000006  c_w.l(libshutdown2.o)
    0x000002e6   0x000002e6   0x00000000   Code   RO         1588    .ARM.Collect$$libshutdown$$00000009  c_w.l(libshutdown2.o)
    0x000002e6   0x000002e6   0x00000000   Code   RO         1591    .ARM.Collect$$libshutdown$$0000000C  c_w.l(libshutdown2.o)
    0x000002e6   0x000002e6   0x00000000   Code   RO         1593    .ARM.Collect$$libshutdown$$0000000E  c_w.l(libshutdown2.o)
    0x000002e6   0x000002e6   0x00000000   Code   RO         1596    .ARM.Collect$$libshutdown$$00000011  c_w.l(libshutdown2.o)
    0x000002e6   0x000002e6   0x00000002   Code   RO         1597    .ARM.Collect$$libshutdown$$00000012  c_w.l(libshutdown2.o)
    0x000002e8   0x000002e8   0x00000000   Code   RO         1473    .ARM.Collect$$rtentry$$00000000  c_w.l(__rtentry.o)
    0x000002e8   0x000002e8   0x00000000   Code   RO         1475    .ARM.Collect$$rtentry$$00000002  c_w.l(__rtentry2.o)
    0x000002e8   0x000002e8   0x00000006   Code   RO         1487    .ARM.Collect$$rtentry$$00000004  c_w.l(__rtentry4.o)
    0x000002ee   0x000002ee   0x00000000   Code   RO         1477    .ARM.Collect$$rtentry$$00000009  c_w.l(__rtentry2.o)
    0x000002ee   0x000002ee   0x00000004   Code   RO         1478    .ARM.Collect$$rtentry$$0000000A  c_w.l(__rtentry2.o)
    0x000002f2   0x000002f2   0x00000000   Code   RO         1480    .ARM.Collect$$rtentry$$0000000C  c_w.l(__rtentry2.o)
    0x000002f2   0x000002f2   0x00000008   Code   RO         1481    .ARM.Collect$$rtentry$$0000000D  c_w.l(__rtentry2.o)
    0x000002fa   0x000002fa   0x00000002   Code   RO         1502    .ARM.Collect$$rtexit$$00000000  c_w.l(rtexit.o)
    0x000002fc   0x000002fc   0x00000000   Code   RO         1550    .ARM.Collect$$rtexit$$00000002  c_w.l(rtexit2.o)
    0x000002fc   0x000002fc   0x00000004   Code   RO         1551    .ARM.Collect$$rtexit$$00000003  c_w.l(rtexit2.o)
    0x00000300   0x00000300   0x00000006   Code   RO         1552    .ARM.Collect$$rtexit$$00000004  c_w.l(rtexit2.o)
    0x00000306   0x00000306   0x00000002   PAD
    0x00000308   0x00000308   0x00000006   Code   RO            1    .emb_text           bsp.o
    0x0000030e   0x0000030e   0x00000002   PAD
    0x00000310   0x00000310   0x0000004c   Code   RO          499    .text               osasm.o
    0x0000035c   0x0000035c   0x00000124   Code   RO         1398  * .text               startup_tm4c123.o
    0x00000480   0x00000480   0x00000006   Code   RO         1469    .text               c_w.l(heapauxi.o)
    0x00000486   0x00000486   0x0000004a   Code   RO         1489    .text               c_w.l(sys_stackheap_outer.o)
    0x000004d0   0x000004d0   0x00000012   Code   RO         1491    .text               c_w.l(exit.o)
    0x000004e2   0x000004e2   0x00000002   PAD
    0x000004e4   0x000004e4   0x00000008   Code   RO         1499    .text               c_w.l(libspace.o)
    0x000004ec   0x000004ec   0x0000000c   Code   RO         1560    .text               c_w.l(sys_exit.o)
    0x000004f8   0x000004f8   0x00000002   Code   RO         1571    .text               c_w.l(use_no_semi.o)
    0x000004fa   0x000004fa   0x00000000   Code   RO         1573    .text               c_w.l(indicate_semi.o)
    0x000004fa   0x000004fa   0x00000002   PAD
    0x000004fc   0x000004fc   0x00000080   Code   RO            4    i.BSP_Button1_Init  bsp.o
    0x0000057c   0x0000057c   0x0000000c   Code   RO            5    i.BSP_Button1_Input  bsp.o
    0x00000588   0x00000588   0x00000090   Code   RO            6    i.BSP_Button2_Init  bsp.o
    0x00000618   0x00000618   0x0000000c   Code   RO            7    i.BSP_Button2_Input  bsp.o
    0x00000624   0x00000624   0x0000000c   Code   RO           10    i.BSP_Clock_GetFreq  bsp.o
    0x00000630   0x00000630   0x0000008c   Code   RO           11    i.BSP_Clock_InitFastest  bsp.o
    0x000006bc   0x000006bc   0x00000016   Code   RO           12    i.BSP_Delay1ms      bsp.o
    0x000006d2   0x000006d2   0x00000002   PAD
    0x000006d4   0x000006d4   0x00000130   Code   RO           13    i.BSP_Joystick_Init  bsp.o
    0x00000804   0x00000804   0x00000040   Code   RO           14    i.BSP_Joystick_Input  bsp.o
    0x00000844   0x00000844   0x00000110   Code   RO           17    i.BSP_LCD_DrawChar  bsp.o
    0x00000954   0x00000954   0x00000056   Code   RO           22    i.BSP_LCD_DrawString  bsp.o
    0x000009aa   0x000009aa   0x00000002   PAD
    0x000009ac   0x000009ac   0x000000ac   Code   RO           24    i.BSP_LCD_FillRect  bsp.o
    0x00000a58   0x00000a58   0x00000024   Code   RO           25    i.BSP_LCD_FillScreen  bsp.o
    0x00000a7c   0x00000a7c   0x0000000a   Code   RO           26    i.BSP_LCD_Init      bsp.o
    0x00000a86   0x00000a86   0x00000002   PAD
    0x00000a88   0x00000a88   0x00000088   Code   RO           28    i.BSP_LCD_OutUDec4  bsp.o
    0x00000b10   0x00000b10   0x00000020   Code   RO           34    i.BSP_LCD_SetCursor  bsp.o
    0x00000b30   0x00000b30   0x000000c0   Code   RO           42    i.BSP_PeriodicTask_Init  bsp.o
    0x00000bf0   0x00000bf0   0x00000010   Code   RO           58    i.BSP_Time_Get      bsp.o
    0x00000c00   0x00000c00   0x00000016   Code   RO          898    i.EraseAddrValid    flashprogram.o
    0x00000c16   0x00000c16   0x00000002   PAD
    0x00000c18   0x00000c18   0x00000064   Code   RO          899    i.Flash_Erase       flashprogram.o
    0x00000c7c   0x00000c7c   0x0000002c   Code   RO          502    i.GPIOPortD_Handler  os.o
    0x00000ca8   0x00000ca8   0x000000f4   Code   RO         1022    i.OS_AddThreads     threads.o
    0x00000d9c   0x00000d9c   0x00000014   Code   RO          782    i.OS_File_Format    filesystem.o
    0x00000db0   0x00000db0   0x00000014   Code   RO          508    i.OS_Init           os.o
    0x00000dc4   0x00000dc4   0x00000004   Code   RO          997    i.OS_InitSemaphore  semaphore.o
    0x00000dc8   0x00000dc8   0x00000034   Code   RO          509    i.OS_Launch         os.o
    0x00000dfc   0x00000dfc   0x00000058   Code   RO          787    i.OS_MountDirectory  filesystem.o
    0x00000e54   0x00000e54   0x00000074   Code   RO          998    i.OS_Signal         semaphore.o
    0x00000ec8   0x00000ec8   0x00000014   Code   RO          949    i.OS_Sleep          scheduler.o
    0x00000edc   0x00000edc   0x00000020   Code   RO          950    i.OS_Suspend        scheduler.o
    0x00000efc   0x00000efc   0x00000034   Code   RO          999    i.OS_Wait           semaphore.o
    0x00000f30   0x00000f30   0x00000110   Code   RO          510    i.OS_gate_entry     os.o
    0x00001040   0x00001040   0x00000104   Code   RO          511    i.OS_gate_exit      os.o
    0x00001144   0x00001144   0x0000000e   Code   RO          512    i.OS_gate_init      os.o
    0x00001152   0x00001152   0x00000018   Code   RO          747    i.OS_queue_create   queue.o
    0x0000116a   0x0000116a   0x0000002a   Code   RO          748    i.OS_queue_peak     queue.o
    0x00001194   0x00001194   0x00000040   Code   RO          749    i.OS_queue_pop      queue.o
    0x000011d4   0x000011d4   0x00000038   Code   RO          750    i.OS_queue_push     queue.o
    0x0000120c   0x0000120c   0x00000014   Code   RO          625    i.RunOnEdge         mainfile.o
    0x00001220   0x00001220   0x00000074   Code   RO           63    i.ST7735_InitR      bsp.o
    0x00001294   0x00001294   0x00000064   Code   RO          951    i.Scheduler         scheduler.o
    0x000012f8   0x000012f8   0x00000150   Code   RO         1023    i.SetInitialStack   threads.o
    0x00001448   0x00001448   0x00000040   Code   RO         1134    i.TExaS_Task0       texas.o
    0x00001488   0x00001488   0x00000040   Code   RO         1135    i.TExaS_Task1       texas.o
    0x000014c8   0x000014c8   0x00000040   Code   RO         1136    i.TExaS_Task2       texas.o
    0x00001508   0x00001508   0x00000040   Code   RO         1137    i.TExaS_Task3       texas.o
    0x00001548   0x00001548   0x00000040   Code   RO         1138    i.TExaS_Task4       texas.o
    0x00001588   0x00001588   0x00000040   Code   RO         1139    i.TExaS_Task5       texas.o
    0x000015c8   0x000015c8   0x00000018   Code   RO         1141    i.TIMER5A_Handler   texas.o
    0x000015e0   0x000015e0   0x0000003c   Code   RO          626    i.Task0             mainfile.o
    0x0000161c   0x0000161c   0x00000038   Code   RO          627    i.Task1             mainfile.o
    0x00001654   0x00001654   0x0000003c   Code   RO          628    i.Task2             mainfile.o
    0x00001690   0x00001690   0x00000038   Code   RO          629    i.Task3             mainfile.o
    0x000016c8   0x000016c8   0x0000002c   Code   RO          630    i.Task4             mainfile.o
    0x000016f4   0x000016f4   0x00000034   Code   RO          631    i.Task5             mainfile.o
    0x00001728   0x00001728   0x0000006c   Code   RO          633    i.TaskA             mainfile.o
    0x00001794   0x00001794   0x000000b0   Code   RO          634    i.TaskB             mainfile.o
    0x00001844   0x00001844   0x0000002c   Code   RO          635    i.TaskC             mainfile.o
    0x00001870   0x00001870   0x00000008   Code   RO          636    i.TaskD             mainfile.o
    0x00001878   0x00001878   0x00000018   Code   RO           64    i.WideTimer3A_Handler  bsp.o
    0x00001890   0x00001890   0x00000018   Code   RO           65    i.WideTimer4A_Handler  bsp.o
    0x000018a8   0x000018a8   0x00000018   Code   RO           66    i.WideTimer5A_Handler  bsp.o
    0x000018c0   0x000018c0   0x0000004c   Code   RO           67    i.adcinit           bsp.o
    0x0000190c   0x0000190c   0x000000b4   Code   RO          952    i.boostPriority     scheduler.o
    0x000019c0   0x000019c0   0x00000056   Code   RO           68    i.commandList       bsp.o
    0x00001a16   0x00001a16   0x00000002   PAD
    0x00001a18   0x00001a18   0x00000204   Code   RO           69    i.commonInit        bsp.o
    0x00001c1c   0x00001c1c   0x00000028   Code   RO          865    i.eDisk_Format      edisk.o
    0x00001c44   0x00001c44   0x0000002e   Code   RO          867    i.eDisk_ReadSector  edisk.o
    0x00001c72   0x00001c72   0x00000002   PAD
    0x00001c74   0x00001c74   0x00000048   Code   RO           70    i.fillmessage       bsp.o
    0x00001cbc   0x00001cbc   0x00000064   Code   RO           73    i.fillmessage4      bsp.o
    0x00001d20   0x00001d20   0x00000020   Code   RO         1052    i.free              memmanage.o
    0x00001d40   0x00001d40   0x00000020   Code   RO         1053    i.initialize        memmanage.o
    0x00001d60   0x00001d60   0x0000000a   Code   RO          637    i.main              mainfile.o
    0x00001d6a   0x00001d6a   0x00000002   PAD
    0x00001d6c   0x00001d6c   0x00000044   Code   RO          638    i.main_Chris        mainfile.o
    0x00001db0   0x00001db0   0x00000054   Code   RO         1054    i.malloc            memmanage.o
    0x00001e04   0x00001e04   0x00000012   Code   RO           78    i.pushColor         bsp.o
    0x00001e16   0x00001e16   0x00000002   PAD
    0x00001e18   0x00001e18   0x000000f4   Code   RO          953    i.runperiodicevents  scheduler.o
    0x00001f0c   0x00001f0c   0x00000040   Code   RO          954    i.schedulerInit     scheduler.o
    0x00001f4c   0x00001f4c   0x00000074   Code   RO           79    i.setAddrWindow     bsp.o
    0x00001fc0   0x00001fc0   0x000000f8   Code   RO          955    i.updatePriorityQueues  scheduler.o
    0x000020b8   0x000020b8   0x00000048   Code   RO           82    i.writecommand      bsp.o
    0x00002100   0x00002100   0x00000048   Code   RO           83    i.writedata         bsp.o
    0x00002148   0x00002148   0x0000057b   Data   RO           85    .constdata          bsp.o
    0x000026c3   0x000026c3   0x00000001   PAD
    0x000026c4   0x000026c4   0x0000002c   Data   RO          641    .constdata          mainfile.o
    0x000026f0   0x000026f0   0x00000020   Data   RO         1628    Region$$Table       anon$$obj.o


    Execution Region ER_RW (Exec base: 0x20000000, Load base: 0x00002710, Size: 0x000000f4, Max: 0xffffffff, ABSOLUTE)

    Exec Addr    Load Addr    Size         Type   Attr      Idx    E Section Name        Object

    0x20000000   0x00002710   0x00000044   Data   RW           86    .data               bsp.o
    0x20000044   0x00002754   0x00000014   Data   RW          514    .data               os.o
    0x20000058   0x00002768   0x0000003c   Data   RW          642    .data               mainfile.o
    0x20000094   0x000027a4   0x00000004   Data   RW          793    .data               filesystem.o
    0x20000098   0x000027a8   0x00000004   Data   RW          956    .data               scheduler.o
    0x2000009c   0x000027ac   0x00000010   Data   RW         1025    .data               threads.o
    0x200000ac   0x000027bc   0x00000004   Data   RW         1056    .data               memmanage.o
    0x200000b0   0x000027c0   0x00000044   Data   RW         1165    .data               texas.o


    Execution Region ER_ZI (Exec base: 0x200000f4, Load base: 0x00002804, Size: 0x00003c6c, Max: 0xffffffff, ABSOLUTE)

    Exec Addr    Load Addr    Size         Type   Attr      Idx    E Section Name        Object

    0x200000f4        -       0x0000000c   Zero   RW           84    .bss                bsp.o
    0x20000100        -       0x00000018   Zero   RW          640    .bss                mainfile.o
    0x20000118        -       0x00000600   Zero   RW          792    .bss                filesystem.o
    0x20000718        -       0x00001994   Zero   RW         1024    .bss                threads.o
    0x200020ac        -       0x00001388   Zero   RW         1055    .bss                memmanage.o
    0x20003434        -       0x000006cc   Zero   RW         1163    .bss                texas.o
    0x20003b00        -       0x00000060   Zero   RW         1500    .bss                c_w.l(libspace.o)
    0x20003b60        -       0x00000000   Zero   RW         1396    HEAP                startup_tm4c123.o
    0x20003b60        -       0x00000200   Zero   RW         1395    STACK               startup_tm4c123.o


==============================================================================

Image component sizes


      Code (inc. data)   RO Data    RW Data    ZI Data      Debug   Object Name

      3112        384       1403         68         12      24247   bsp.o
        86          6          0          0          0       1502   edisk.o
       108         26          0          4       1536       2053   filesystem.o
       122         16          0          0          0       1086   flashprogram.o
       762        132         44         60         24       7785   mainfile.o
       148         18          0          4       5000       3004   memmanage.o
       662         34          0         20          0       4927   os.o
        76          6          0          0          0        240   osasm.o
       186          0          0          0          0       2861   queue.o
       888         98          0          4          0       3643   scheduler.o
       172         16          0          0          0       1925   semaphore.o
       292         18        620          0        512       5672   startup_tm4c123.o
       408         92          0         68       1740      14053   texas.o
       580         30          0         16       6548       2649   threads.o

    ----------------------------------------------------------------------
      7620        876       2100        244      15372      75647   Object Totals
         0          0         32          0          0          0   (incl. Generated)
        18          0          1          0          0          0   (incl. Padding)

    ----------------------------------------------------------------------

      Code (inc. data)   RO Data    RW Data    ZI Data      Debug   Library Member Name

         8          0          0          0          0         68   __main.o
         0          0          0          0          0          0   __rtentry.o
        12          0          0          0          0          0   __rtentry2.o
         6          0          0          0          0          0   __rtentry4.o
        52          8          0          0          0          0   __scatter.o
        26          0          0          0          0          0   __scatter_copy.o
        28          0          0          0          0          0   __scatter_zi.o
        18          0          0          0          0         80   exit.o
         6          0          0          0          0        152   heapauxi.o
         0          0          0          0          0          0   indicate_semi.o
         2          0          0          0          0          0   libinit.o
         2          0          0          0          0          0   libinit2.o
         2          0          0          0          0          0   libshutdown.o
         2          0          0          0          0          0   libshutdown2.o
         8          4          0          0         96         68   libspace.o
         2          0          0          0          0          0   rtexit.o
        10          0          0          0          0          0   rtexit2.o
        12          4          0          0          0         68   sys_exit.o
        74          0          0          0          0         80   sys_stackheap_outer.o
         2          0          0          0          0         68   use_no_semi.o

    ----------------------------------------------------------------------
       280         16          0          0         96        584   Library Totals
         8          0          0          0          0          0   (incl. Padding)

    ----------------------------------------------------------------------

      Code (inc. data)   RO Data    RW Data    ZI Data      Debug   Library Name

       272         16          0          0         96        584   c_w.l

    ----------------------------------------------------------------------
       280         16          0          0         96        584   Library Totals

    ----------------------------------------------------------------------

==============================================================================


      Code (inc. data)   RO Data    RW Data    ZI Data      Debug   

      7900        892       2100        244      15468      71963   Grand Totals
      7900        892       2100        244      15468      71963   ELF Image Totals
      7900        892       2100        244          0          0   ROM Totals

==============================================================================

    Total RO  Size (Code + RO Data)                10000 (   9.77kB)
    Total RW  Size (RW Data + ZI Data)             15712 (  15.34kB)
    Total ROM Size (Code + RO Data + RW Data)      10244 (  10.00kB)

==============================================================================

